Component: ARM Compiler 5.06 update 6 (build 750) Tool: armlink [4d35ed]

==============================================================================

Section Cross References

    startup_stm32f103xb.o(RESET) refers to startup_stm32f103xb.o(STACK) for __initial_sp
    startup_stm32f103xb.o(RESET) refers to startup_stm32f103xb.o(.text) for Reset_Handler
    startup_stm32f103xb.o(RESET) refers to stm32f1xx_it.o(i.NMI_Handler) for NMI_Handler
    startup_stm32f103xb.o(RESET) refers to stm32f1xx_it.o(i.HardFault_Handler) for HardFault_Handler
    startup_stm32f103xb.o(RESET) refers to stm32f1xx_it.o(i.MemManage_Handler) for MemManage_Handler
    startup_stm32f103xb.o(RESET) refers to stm32f1xx_it.o(i.BusFault_Handler) for BusFault_Handler
    startup_stm32f103xb.o(RESET) refers to stm32f1xx_it.o(i.UsageFault_Handler) for UsageFault_Handler
    startup_stm32f103xb.o(RESET) refers to stm32f1xx_it.o(i.SVC_Handler) for SVC_Handler
    startup_stm32f103xb.o(RESET) refers to stm32f1xx_it.o(i.DebugMon_Handler) for DebugMon_Handler
    startup_stm32f103xb.o(RESET) refers to stm32f1xx_it.o(i.PendSV_Handler) for PendSV_Handler
    startup_stm32f103xb.o(RESET) refers to stm32f1xx_it.o(i.SysTick_Handler) for SysTick_Handler
    startup_stm32f103xb.o(RESET) refers to stm32f1xx_it.o(i.EXTI9_5_IRQHandler) for EXTI9_5_IRQHandler
    startup_stm32f103xb.o(.text) refers to system_stm32f1xx.o(i.SystemInit) for SystemInit
    startup_stm32f103xb.o(.text) refers to entry.o(.ARM.Collect$$$$00000000) for __main
    oled.o(i.OLED_CS) refers to stm32f1xx_hal_gpio.o(i.HAL_GPIO_WritePin) for HAL_GPIO_WritePin
    oled.o(i.OLED_Clear) refers to oled.o(i.OLED_Refresh_GRAM) for OLED_Refresh_GRAM
    oled.o(i.OLED_Clear) refers to oled.o(.bss) for .bss
    oled.o(i.OLED_DC) refers to stm32f1xx_hal_gpio.o(i.HAL_GPIO_WritePin) for HAL_GPIO_WritePin
    oled.o(i.OLED_DrawPoint) refers to oled.o(.bss) for .bss
    oled.o(i.OLED_Init) refers to oled.o(i.OLED_CS) for OLED_CS
    oled.o(i.OLED_Init) refers to oled.o(i.OLED_DC) for OLED_DC
    oled.o(i.OLED_Init) refers to oled.o(i.OLED_RES) for OLED_RES
    oled.o(i.OLED_Init) refers to stm32f1xx_hal.o(i.HAL_Delay) for HAL_Delay
    oled.o(i.OLED_Init) refers to oled.o(i.OLED_WR_Cmd) for OLED_WR_Cmd
    oled.o(i.OLED_Init) refers to oled.o(i.OLED_Clear) for OLED_Clear
    oled.o(i.OLED_RES) refers to stm32f1xx_hal_gpio.o(i.HAL_GPIO_WritePin) for HAL_GPIO_WritePin
    oled.o(i.OLED_Refresh_GRAM) refers to oled.o(i.OLED_WR_Cmd) for OLED_WR_Cmd
    oled.o(i.OLED_Refresh_GRAM) refers to oled.o(i.OLED_WR_Data) for OLED_WR_Data
    oled.o(i.OLED_Refresh_GRAM) refers to oled.o(.bss) for .bss
    oled.o(i.OLED_SCLK) refers to stm32f1xx_hal_gpio.o(i.HAL_GPIO_WritePin) for HAL_GPIO_WritePin
    oled.o(i.OLED_SDIN) refers to stm32f1xx_hal_gpio.o(i.HAL_GPIO_WritePin) for HAL_GPIO_WritePin
    oled.o(i.OLED_Show_Char) refers to oled.o(i.OLED_DrawPoint) for OLED_DrawPoint
    oled.o(i.OLED_Show_Char) refers to oled.o(.constdata) for .constdata
    oled.o(i.OLED_Show_String) refers to oled.o(i.OLED_Clear) for OLED_Clear
    oled.o(i.OLED_Show_String) refers to oled.o(i.OLED_Show_Char) for OLED_Show_Char
    oled.o(i.OLED_WR_Cmd) refers to oled.o(i.OLED_CS) for OLED_CS
    oled.o(i.OLED_WR_Cmd) refers to oled.o(i.OLED_DC) for OLED_DC
    oled.o(i.OLED_WR_Cmd) refers to oled.o(i.OLED_SCLK) for OLED_SCLK
    oled.o(i.OLED_WR_Cmd) refers to oled.o(i.OLED_SDIN) for OLED_SDIN
    oled.o(i.OLED_WR_Data) refers to oled.o(i.OLED_CS) for OLED_CS
    oled.o(i.OLED_WR_Data) refers to oled.o(i.OLED_DC) for OLED_DC
    oled.o(i.OLED_WR_Data) refers to oled.o(i.OLED_SCLK) for OLED_SCLK
    oled.o(i.OLED_WR_Data) refers to oled.o(i.OLED_SDIN) for OLED_SDIN
    adxl.o(i.ADXL345_RecvACK) refers to adxl.o(i.SCL) for SCL
    adxl.o(i.ADXL345_RecvACK) refers to delay.o(i.delay_us) for delay_us
    adxl.o(i.ADXL345_RecvACK) refers to stm32f1xx_hal_gpio.o(i.HAL_GPIO_Init) for HAL_GPIO_Init
    adxl.o(i.ADXL345_RecvACK) refers to stm32f1xx_hal_gpio.o(i.HAL_GPIO_ReadPin) for HAL_GPIO_ReadPin
    adxl.o(i.ADXL345_RecvByte) refers to adxl.o(i.SDA) for SDA
    adxl.o(i.ADXL345_RecvByte) refers to stm32f1xx_hal_gpio.o(i.HAL_GPIO_Init) for HAL_GPIO_Init
    adxl.o(i.ADXL345_RecvByte) refers to adxl.o(i.SCL) for SCL
    adxl.o(i.ADXL345_RecvByte) refers to delay.o(i.delay_us) for delay_us
    adxl.o(i.ADXL345_RecvByte) refers to stm32f1xx_hal_gpio.o(i.HAL_GPIO_ReadPin) for HAL_GPIO_ReadPin
    adxl.o(i.ADXL345_SendACK) refers to stm32f1xx_hal_gpio.o(i.HAL_GPIO_Init) for HAL_GPIO_Init
    adxl.o(i.ADXL345_SendACK) refers to adxl.o(i.SDA) for SDA
    adxl.o(i.ADXL345_SendACK) refers to adxl.o(i.SCL) for SCL
    adxl.o(i.ADXL345_SendACK) refers to delay.o(i.delay_us) for delay_us
    adxl.o(i.ADXL345_SendByte) refers to stm32f1xx_hal_gpio.o(i.HAL_GPIO_Init) for HAL_GPIO_Init
    adxl.o(i.ADXL345_SendByte) refers to adxl.o(i.SDA) for SDA
    adxl.o(i.ADXL345_SendByte) refers to adxl.o(i.SCL) for SCL
[...]
    Removing stm32f1xx_hal_cortex.o(i.HAL_NVIC_SetPendingIRQ), (26 bytes).
    Removing stm32f1xx_hal_cortex.o(i.HAL_NVIC_SystemReset), (36 bytes).
    Removing stm32f1xx_hal_cortex.o(i.HAL_SYSTICK_CLKSourceConfig), (24 bytes).
    Removing stm32f1xx_hal_cortex.o(i.HAL_SYSTICK_Callback), (2 bytes).
    Removing stm32f1xx_hal_cortex.o(i.HAL_SYSTICK_IRQHandler), (8 bytes).
    Removing stm32f1xx_hal_pwr.o(.rev16_text), (4 bytes).
    Removing stm32f1xx_hal_pwr.o(.revsh_text), (4 bytes).
    Removing stm32f1xx_hal_pwr.o(.rrx_text), (6 bytes).
    Removing stm32f1xx_hal_pwr.o(i.HAL_PWR_ConfigPVD), (124 bytes).
    Removing stm32f1xx_hal_pwr.o(i.HAL_PWR_DeInit), (24 bytes).
    Removing stm32f1xx_hal_pwr.o(i.HAL_PWR_DisableBkUpAccess), (12 bytes).
    Removing stm32f1xx_hal_pwr.o(i.HAL_PWR_DisablePVD), (12 bytes).
    Removing stm32f1xx_hal_pwr.o(i.HAL_PWR_DisableSEVOnPend), (16 bytes).
    Removing stm32f1xx_hal_pwr.o(i.HAL_PWR_DisableSleepOnExit), (16 bytes).
    Removing stm32f1xx_hal_pwr.o(i.HAL_PWR_DisableWakeUpPin), (28 bytes).
    Removing stm32f1xx_hal_pwr.o(i.HAL_PWR_EnablePVD), (12 bytes).
    Removing stm32f1xx_hal_pwr.o(i.HAL_PWR_EnableSEVOnPend), (16 bytes).
    Removing stm32f1xx_hal_pwr.o(i.HAL_PWR_EnableSleepOnExit), (16 bytes).
    Removing stm32f1xx_hal_pwr.o(i.HAL_PWR_EnableWakeUpPin), (28 bytes).
    Removing stm32f1xx_hal_pwr.o(i.HAL_PWR_EnterSLEEPMode), (32 bytes).
    Removing stm32f1xx_hal_pwr.o(i.HAL_PWR_EnterSTANDBYMode), (32 bytes).
    Removing stm32f1xx_hal_pwr.o(i.HAL_PWR_EnterSTOPMode), (68 bytes).
    Removing stm32f1xx_hal_pwr.o(i.HAL_PWR_PVDCallback), (2 bytes).
    Removing stm32f1xx_hal_pwr.o(i.HAL_PWR_PVD_IRQHandler), (28 bytes).
    Removing stm32f1xx_hal_pwr.o(i.PWR_OverloadWfe), (6 bytes).
    Removing stm32f1xx_hal_flash.o(.rev16_text), (4 bytes).
    Removing stm32f1xx_hal_flash.o(.revsh_text), (4 bytes).
    Removing stm32f1xx_hal_flash.o(.rrx_text), (6 bytes).
    Removing stm32f1xx_hal_flash.o(i.FLASH_Program_HalfWord), (28 bytes).
    Removing stm32f1xx_hal_flash.o(i.FLASH_SetErrorCode), (92 bytes).
    Removing stm32f1xx_hal_flash.o(i.FLASH_WaitForLastOperation), (84 bytes).
    Removing stm32f1xx_hal_flash.o(i.HAL_FLASH_EndOfOperationCallback), (2 bytes).
    Removing stm32f1xx_hal_flash.o(i.HAL_FLASH_GetError), (12 bytes).
    Removing stm32f1xx_hal_flash.o(i.HAL_FLASH_IRQHandler), (264 bytes).
    Removing stm32f1xx_hal_flash.o(i.HAL_FLASH_Lock), (20 bytes).
    Removing stm32f1xx_hal_flash.o(i.HAL_FLASH_OB_Launch), (4 bytes).
    Removing stm32f1xx_hal_flash.o(i.HAL_FLASH_OB_Lock), (20 bytes).
    Removing stm32f1xx_hal_flash.o(i.HAL_FLASH_OB_Unlock), (36 bytes).
    Removing stm32f1xx_hal_flash.o(i.HAL_FLASH_OperationErrorCallback), (2 bytes).
    Removing stm32f1xx_hal_flash.o(i.HAL_FLASH_Program), (128 bytes).
    Removing stm32f1xx_hal_flash.o(i.HAL_FLASH_Program_IT), (100 bytes).
    Removing stm32f1xx_hal_flash.o(i.HAL_FLASH_Unlock), (40 bytes).
    Removing stm32f1xx_hal_flash.o(.bss), (32 bytes).
    Removing stm32f1xx_hal_flash_ex.o(.rev16_text), (4 bytes).
    Removing stm32f1xx_hal_flash_ex.o(.revsh_text), (4 bytes).
    Removing stm32f1xx_hal_flash_ex.o(.rrx_text), (6 bytes).
    Removing stm32f1xx_hal_flash_ex.o(i.FLASH_MassErase), (36 bytes).
    Removing stm32f1xx_hal_flash_ex.o(i.FLASH_OB_DisableWRP), (176 bytes).
    Removing stm32f1xx_hal_flash_ex.o(i.FLASH_OB_EnableWRP), (176 bytes).
    Removing stm32f1xx_hal_flash_ex.o(i.FLASH_OB_GetRDP), (24 bytes).
    Removing stm32f1xx_hal_flash_ex.o(i.FLASH_OB_RDP_LevelConfig), (100 bytes).
    Removing stm32f1xx_hal_flash_ex.o(i.FLASH_PageErase), (36 bytes).
    Removing stm32f1xx_hal_flash_ex.o(i.HAL_FLASHEx_Erase), (168 bytes).
    Removing stm32f1xx_hal_flash_ex.o(i.HAL_FLASHEx_Erase_IT), (84 bytes).
    Removing stm32f1xx_hal_flash_ex.o(i.HAL_FLASHEx_OBErase), (84 bytes).
    Removing stm32f1xx_hal_flash_ex.o(i.HAL_FLASHEx_OBGetConfig), (36 bytes).
    Removing stm32f1xx_hal_flash_ex.o(i.HAL_FLASHEx_OBGetUserData), (32 bytes).
    Removing stm32f1xx_hal_flash_ex.o(i.HAL_FLASHEx_OBProgram), (200 bytes).
    Removing stm32f1xx_hal_exti.o(.rev16_text), (4 bytes).
    Removing stm32f1xx_hal_exti.o(.revsh_text), (4 bytes).
    Removing stm32f1xx_hal_exti.o(.rrx_text), (6 bytes).
    Removing stm32f1xx_hal_exti.o(i.HAL_EXTI_ClearConfigLine), (104 bytes).
    Removing stm32f1xx_hal_exti.o(i.HAL_EXTI_ClearPending), (20 bytes).
    Removing stm32f1xx_hal_exti.o(i.HAL_EXTI_GenerateSWI), (20 bytes).
    Removing stm32f1xx_hal_exti.o(i.HAL_EXTI_GetConfigLine), (152 bytes).
    Removing stm32f1xx_hal_exti.o(i.HAL_EXTI_GetHandle), (12 bytes).
    Removing stm32f1xx_hal_exti.o(i.HAL_EXTI_GetPending), (24 bytes).
    Removing stm32f1xx_hal_exti.o(i.HAL_EXTI_IRQHandler), (36 bytes).
    Removing stm32f1xx_hal_exti.o(i.HAL_EXTI_RegisterCallback), (14 bytes).
    Removing stm32f1xx_hal_exti.o(i.HAL_EXTI_SetConfigLine), (164 bytes).
    Removing stm32f1xx_hal_rtc.o(.rev16_text), (4 bytes).
    Removing stm32f1xx_hal_rtc.o(.revsh_text), (4 bytes).
    Removing stm32f1xx_hal_rtc.o(.rrx_text), (6 bytes).
    Removing stm32f1xx_hal_rtc.o(i.HAL_RTC_AlarmAEventCallback), (2 bytes).
    Removing stm32f1xx_hal_rtc.o(i.HAL_RTC_AlarmIRQHandler), (52 bytes).
    Removing stm32f1xx_hal_rtc.o(i.HAL_RTC_DeInit), (100 bytes).
    Removing stm32f1xx_hal_rtc.o(i.HAL_RTC_DeactivateAlarm), (112 bytes).
    Removing stm32f1xx_hal_rtc.o(i.HAL_RTC_GetAlarm), (102 bytes).
    Removing stm32f1xx_hal_rtc.o(i.HAL_RTC_GetState), (4 bytes).
    Removing stm32f1xx_hal_rtc.o(i.HAL_RTC_MspDeInit), (2 bytes).
    Removing stm32f1xx_hal_rtc.o(i.HAL_RTC_MspInit), (2 bytes).
    Removing stm32f1xx_hal_rtc.o(i.HAL_RTC_PollForAlarmAEvent), (64 bytes).
    Removing stm32f1xx_hal_rtc.o(i.HAL_RTC_SetAlarm), (188 bytes).
    Removing stm32f1xx_hal_rtc.o(i.HAL_RTC_SetAlarm_IT), (232 bytes).
    Removing stm32f1xx_hal_rtc_ex.o(.rev16_text), (4 bytes).
    Removing stm32f1xx_hal_rtc_ex.o(.revsh_text), (4 bytes).
    Removing stm32f1xx_hal_rtc_ex.o(.rrx_text), (6 bytes).
    Removing stm32f1xx_hal_rtc_ex.o(i.HAL_RTCEx_DeactivateSecond), (44 bytes).
    Removing stm32f1xx_hal_rtc_ex.o(i.HAL_RTCEx_DeactivateTamper), (76 bytes).
    Removing stm32f1xx_hal_rtc_ex.o(i.HAL_RTCEx_PollForTamper1Event), (72 bytes).
    Removing stm32f1xx_hal_rtc_ex.o(i.HAL_RTCEx_RTCEventCallback), (2 bytes).
    Removing stm32f1xx_hal_rtc_ex.o(i.HAL_RTCEx_RTCEventErrorCallback), (2 bytes).
    Removing stm32f1xx_hal_rtc_ex.o(i.HAL_RTCEx_RTCIRQHandler), (60 bytes).
    Removing stm32f1xx_hal_rtc_ex.o(i.HAL_RTCEx_SetSecond_IT), (44 bytes).
    Removing stm32f1xx_hal_rtc_ex.o(i.HAL_RTCEx_SetSmoothCalib), (52 bytes).
    Removing stm32f1xx_hal_rtc_ex.o(i.HAL_RTCEx_SetTamper), (80 bytes).
    Removing stm32f1xx_hal_rtc_ex.o(i.HAL_RTCEx_SetTamper_IT), (92 bytes).
    Removing stm32f1xx_hal_rtc_ex.o(i.HAL_RTCEx_Tamper1EventCallback), (2 bytes).
    Removing stm32f1xx_hal_rtc_ex.o(i.HAL_RTCEx_TamperIRQHandler), (44 bytes).
    Removing stm32f1xx_hal_tim.o(.rev16_text), (4 bytes).
    Removing stm32f1xx_hal_tim.o(.revsh_text), (4 bytes).
    Removing stm32f1xx_hal_tim.o(.rrx_text), (6 bytes).
    Removing stm32f1xx_hal_tim_ex.o(.rev16_text), (4 bytes).
    Removing stm32f1xx_hal_tim_ex.o(.revsh_text), (4 bytes).
    Removing stm32f1xx_hal_tim_ex.o(.rrx_text), (6 bytes).
    Removing system_stm32f1xx.o(.rev16_text), (4 bytes).
    Removing system_stm32f1xx.o(.revsh_text), (4 bytes).
    Removing system_stm32f1xx.o(.rrx_text), (6 bytes).
    Removing system_stm32f1xx.o(i.SystemCoreClockUpdate), (104 bytes).
    Removing dadd.o(.text), (334 bytes).
    Removing dmul.o(.text), (228 bytes).
    Removing ddiv.o(.text), (222 bytes).
    Removing dfixul.o(.text), (48 bytes).
    Removing cdrcmple.o(.text), (48 bytes).
    Removing depilogue.o(.text), (186 bytes).

308 unused section(s) (total 21616 bytes) removed from the image.

==============================================================================

Image Symbol Table

    Local Symbols

    Symbol Name                              Value     Ov Type        Size  Object(Section)

    ../Core/Src/gpio.c                       0x00000000   Number         0  gpio.o ABSOLUTE
    ../Core/Src/i2c.c                        0x00000000   Number         0  i2c.o ABSOLUTE
    ../Core/Src/main.c                       0x00000000   Number         0  main.o ABSOLUTE
    ../Core/Src/rtc.c                        0x00000000   Number         0  rtc.o ABSOLUTE
    ../Core/Src/stm32f1xx_hal_msp.c          0x00000000   Number         0  stm32f1xx_hal_msp.o ABSOLUTE
    ../Core/Src/stm32f1xx_it.c               0x00000000   Number         0  stm32f1xx_it.o ABSOLUTE
    ../Core/Src/system_stm32f1xx.c           0x00000000   Number         0  system_stm32f1xx.o ABSOLUTE
    ../Drivers/STM32F1xx_HAL_Driver/Src/stm32f1xx_hal.c 0x00000000   Number         0  stm32f1xx_hal.o ABSOLUTE
    ../Drivers/STM32F1xx_HAL_Driver/Src/stm32f1xx_hal_cortex.c 0x00000000   Number         0  stm32f1xx_hal_cortex.o ABSOLUTE
    ../Drivers/STM32F1xx_HAL_Driver/Src/stm32f1xx_hal_dma.c 0x00000000   Number         0  stm32f1xx_hal_dma.o ABSOLUTE
    ../Drivers/STM32F1xx_HAL_Driver/Src/stm32f1xx_hal_exti.c 0x00000000   Number         0  stm32f1xx_hal_exti.o ABSOLUTE
    ../Drivers/STM32F1xx_HAL_Driver/Src/stm32f1xx_hal_flash.c 0x00000000   Number         0  stm32f1xx_hal_flash.o ABSOLUTE
    ../Drivers/STM32F1xx_HAL_Driver/Src/stm32f1xx_hal_flash_ex.c 0x00000000   Number         0  stm32f1xx_hal_flash_ex.o ABSOLUTE
    ../Drivers/STM32F1xx_HAL_Driver/Src/stm32f1xx_hal_gpio.c 0x00000000   Number         0  stm32f1xx_hal_gpio.o ABSOLUTE
    ../Drivers/STM32F1xx_HAL_Driver/Src/stm32f1xx_hal_gpio_ex.c 0x00000000   Number         0  stm32f1xx_hal_gpio_ex.o ABSOLUTE
    ../Drivers/STM32F1xx_HAL_Driver/Src/stm32f1xx_hal_i2c.c 0x00000000   Number         0  stm32f1xx_hal_i2c.o ABSOLUTE
    ../Drivers/STM32F1xx_HAL_Driver/Src/stm32f1xx_hal_pwr.c 0x00000000   Number         0  stm32f1xx_hal_pwr.o ABSOLUTE
    ../Drivers/STM32F1xx_HAL_Driver/Src/stm32f1xx_hal_rcc.c 0x00000000   Number         0  stm32f1xx_hal_rcc.o ABSOLUTE
    ../Drivers/STM32F1xx_HAL_Driver/Src/stm32f1xx_hal_rcc_ex.c 0x00000000   Number         0  stm32f1xx_hal_rcc_ex.o ABSOLUTE
    ../Drivers/STM32F1xx_HAL_Driver/Src/stm32f1xx_hal_rtc.c 0x00000000   Number         0  stm32f1xx_hal_rtc.o ABSOLUTE
    ../Drivers/STM32F1xx_HAL_Driver/Src/stm32f1xx_hal_rtc_ex.c 0x00000000   Number         0  stm32f1xx_hal_rtc_ex.o ABSOLUTE
    ../Drivers/STM32F1xx_HAL_Driver/Src/stm32f1xx_hal_tim.c 0x00000000   Number         0  stm32f1xx_hal_tim.o ABSOLUTE
    ../Drivers/STM32F1xx_HAL_Driver/Src/stm32f1xx_hal_tim_ex.c 0x00000000   Number         0  stm32f1xx_hal_tim_ex.o ABSOLUTE
    ../clib/microlib/division.c              0x00000000   Number         0  uldiv.o ABSOLUTE
    ../clib/microlib/division.c              0x00000000   Number         0  uidiv.o ABSOLUTE
    ../clib/microlib/init/entry.s            0x00000000   Number         0  entry10b.o ABSOLUTE
    ../clib/microlib/init/entry.s            0x00000000   Number         0  entry9b.o ABSOLUTE
    ../clib/microlib/init/entry.s            0x00000000   Number         0  entry9a.o ABSOLUTE
    ../clib/microlib/init/entry.s            0x00000000   Number         0  entry5.o ABSOLUTE
    ../clib/microlib/init/entry.s            0x00000000   Number         0  entry8b.o ABSOLUTE
    ../clib/microlib/init/entry.s            0x00000000   Number         0  entry8a.o ABSOLUTE
    ../clib/microlib/init/entry.s            0x00000000   Number         0  entry11b.o ABSOLUTE
    ../clib/microlib/init/entry.s            0x00000000   Number         0  entry7a.o ABSOLUTE
    ../clib/microlib/init/entry.s            0x00000000   Number         0  entry7b.o ABSOLUTE
    ../clib/microlib/init/entry.s            0x00000000   Number         0  entry10a.o ABSOLUTE
    ../clib/microlib/init/entry.s            0x00000000   Number         0  entry2.o ABSOLUTE
    ../clib/microlib/init/entry.s            0x00000000   Number         0  entry.o ABSOLUTE
    ../clib/microlib/init/entry.s            0x00000000   Number         0  entry11a.o ABSOLUTE
    ../clib/microlib/longlong.c              0x00000000   Number         0  llushr.o ABSOLUTE
    ../clib/microlib/longlong.c              0x00000000   Number         0  llshl.o ABSOLUTE
    ../clib/microlib/longlong.c              0x00000000   Number         0  llsshr.o ABSOLUTE
    ../clib/microlib/printf/printf.c         0x00000000   Number         0  printfb.o ABSOLUTE
    ../clib/microlib/printf/printf.c         0x00000000   Number         0  printf4.o ABSOLUTE
    ../clib/microlib/printf/printf.c         0x00000000   Number         0  printf3.o ABSOLUTE
    ../clib/microlib/printf/printf.c         0x00000000   Number         0  printf0.o ABSOLUTE
    ../clib/microlib/printf/printf.c         0x00000000   Number         0  printf5.o ABSOLUTE
    ../clib/microlib/printf/printf.c         0x00000000   Number         0  printf6.o ABSOLUTE
    ../clib/microlib/printf/printf.c         0x00000000   Number         0  printf7.o ABSOLUTE
    ../clib/microlib/printf/printf.c         0x00000000   Number         0  printf2.o ABSOLUTE
    ../clib/microlib/printf/printf.c         0x00000000   Number         0  printf8.o ABSOLUTE
    ../clib/microlib/printf/printf.c         0x00000000   Number         0  printfa.o ABSOLUTE
    ../clib/microlib/printf/printf.c         0x00000000   Number         0  printf1.o ABSOLUTE
    ../clib/microlib/printf/stubs.s          0x00000000   Number         0  stubs.o ABSOLUTE
    ../clib/microlib/stdio/fputc.c           0x00000000   Number         0  fputc.o ABSOLUTE
    ../clib/microlib/stdio/semi.s            0x00000000   Number         0  semi.o ABSOLUTE
    ../clib/microlib/stdio/streams.c         0x00000000   Number         0  stdout.o ABSOLUTE
    ../clib/microlib/string/memset.c         0x00000000   Number         0  memseta.o ABSOLUTE
    ../clib/microlib/stubs.s                 0x00000000   Number         0  iusefp.o ABSOLUTE
    ../clib/microlib/stubs.s                 0x00000000   Number         0  iusesemip.o ABSOLUTE
    ../fplib/microlib/fpadd.c                0x00000000   Number         0  dadd.o ABSOLUTE
    ../fplib/microlib/fpdiv.c                0x00000000   Number         0  fdiv.o ABSOLUTE
    ../fplib/microlib/fpdiv.c                0x00000000   Number         0  ddiv.o ABSOLUTE
    ../fplib/microlib/fpepilogue.c           0x00000000   Number         0  depilogue.o ABSOLUTE
    ../fplib/microlib/fpepilogue.c           0x00000000   Number         0  fepilogue.o ABSOLUTE
    ../fplib/microlib/fpfix.c                0x00000000   Number         0  dfixul.o ABSOLUTE
    ../fplib/microlib/fpfix.c                0x00000000   Number         0  ffixi.o ABSOLUTE
    ../fplib/microlib/fpflt.c                0x00000000   Number         0  fflti.o ABSOLUTE
    ../fplib/microlib/fpmul.c                0x00000000   Number         0  dmul.o ABSOLUTE
    ..\Core\Src\gpio.c                       0x00000000   Number         0  gpio.o ABSOLUTE
    ..\Core\Src\i2c.c                        0x00000000   Number         0  i2c.o ABSOLUTE
    ..\Core\Src\main.c                       0x00000000   Number         0  main.o ABSOLUTE
    ..\Core\Src\rtc.c                        0x00000000   Number         0  rtc.o ABSOLUTE
    ..\Core\Src\stm32f1xx_hal_msp.c          0x00000000   Number         0  stm32f1xx_hal_msp.o ABSOLUTE
    ..\Core\Src\stm32f1xx_it.c               0x00000000   Number         0  stm32f1xx_it.o ABSOLUTE
    ..\Core\Src\system_stm32f1xx.c           0x00000000   Number         0  system_stm32f1xx.o ABSOLUTE
    ..\Drivers\STM32F1xx_HAL_Driver\Src\stm32f1xx_hal.c 0x00000000   Number         0  stm32f1xx_hal.o ABSOLUTE
    ..\Drivers\STM32F1xx_HAL_Driver\Src\stm32f1xx_hal_cortex.c 0x00000000   Number         0  stm32f1xx_hal_cortex.o ABSOLUTE
    ..\Drivers\STM32F1xx_HAL_Driver\Src\stm32f1xx_hal_dma.c 0x00000000   Number         0  stm32f1xx_hal_dma.o ABSOLUTE
    ..\Drivers\STM32F1xx_HAL_Driver\Src\stm32f1xx_hal_exti.c 0x00000000   Number         0  stm32f1xx_hal_exti.o ABSOLUTE
    ..\Drivers\STM32F1xx_HAL_Driver\Src\stm32f1xx_hal_flash.c 0x00000000   Number         0  stm32f1xx_hal_flash.o ABSOLUTE
    ..\Drivers\STM32F1xx_HAL_Driver\Src\stm32f1xx_hal_flash_ex.c 0x00000000   Number         0  stm32f1xx_hal_flash_ex.o ABSOLUTE
    ..\Drivers\STM32F1xx_HAL_Driver\Src\stm32f1xx_hal_gpio.c 0x00000000   Number         0  stm32f1xx_hal_gpio.o ABSOLUTE
    ..\Drivers\STM32F1xx_HAL_Driver\Src\stm32f1xx_hal_gpio_ex.c 0x00000000   Number         0  stm32f1xx_hal_gpio_ex.o ABSOLUTE
    ..\Drivers\STM32F1xx_HAL_Driver\Src\stm32f1xx_hal_i2c.c 0x00000000   Number         0  stm32f1xx_hal_i2c.o ABSOLUTE
    ..\Drivers\STM32F1xx_HAL_Driver\Src\stm32f1xx_hal_pwr.c 0x00000000   Number         0  stm32f1xx_hal_pwr.o ABSOLUTE
    ..\Drivers\STM32F1xx_HAL_Driver\Src\stm32f1xx_hal_rcc.c 0x00000000   Number         0  stm32f1xx_hal_rcc.o ABSOLUTE
    ..\Drivers\STM32F1xx_HAL_Driver\Src\stm32f1xx_hal_rcc_ex.c 0x00000000   Number         0  stm32f1xx_hal_rcc_ex.o ABSOLUTE
    ..\Drivers\STM32F1xx_HAL_Driver\Src\stm32f1xx_hal_rtc.c 0x00000000   Number         0  stm32f1xx_hal_rtc.o ABSOLUTE
    ..\Drivers\STM32F1xx_HAL_Driver\Src\stm32f1xx_hal_rtc_ex.c 0x00000000   Number         0  stm32f1xx_hal_rtc_ex.o ABSOLUTE
    ..\Drivers\STM32F1xx_HAL_Driver\Src\stm32f1xx_hal_tim.c 0x00000000   Number         0  stm32f1xx_hal_tim.o ABSOLUTE
    ..\Drivers\STM32F1xx_HAL_Driver\Src\stm32f1xx_hal_tim_ex.c 0x00000000   Number         0  stm32f1xx_hal_tim_ex.o ABSOLUTE
    ADXL.c                                   0x00000000   Number         0  adxl.o ABSOLUTE
    ADXL.c                                   0x00000000   Number         0  adxl.o ABSOLUTE
    MAX30102.c                               0x00000000   Number         0  max30102.o ABSOLUTE
    MAX30102.c                               0x00000000   Number         0  max30102.o ABSOLUTE
    OLED.c                                   0x00000000   Number         0  oled.o ABSOLUTE
    OLED.c                                   0x00000000   Number         0  oled.o ABSOLUTE
    algorithm.c                              0x00000000   Number         0  algorithm.o ABSOLUTE
    algorithm.c                              0x00000000   Number         0  algorithm.o ABSOLUTE
    cdrcmple.s                               0x00000000   Number         0  cdrcmple.o ABSOLUTE
    dc.s                                     0x00000000   Number         0  dc.o ABSOLUTE
    delay.c                                  0x00000000   Number         0  delay.o ABSOLUTE
    delay.c                                  0x00000000   Number         0  delay.o ABSOLUTE
    handlers.s                               0x00000000   Number         0  handlers.o ABSOLUTE
    init.s                                   0x00000000   Number         0  init.o ABSOLUTE
    startup_stm32f103xb.s                    0x00000000   Number         0  startup_stm32f103xb.o ABSOLUTE
    sys.c                                    0x00000000   Number         0  sys.o ABSOLUTE
    sys.c                                    0x00000000   Number         0  sys.o ABSOLUTE
    RESET                                    0x08000000   Section      236  startup_stm32f103xb.o(RESET)
    .ARM.Collect$$$$00000000                 0x080000ec   Section        0  entry.o(.ARM.Collect$$$$00000000)
    .ARM.Collect$$$$00000001                 0x080000ec   Section        4  entry2.o(.ARM.Collect$$$$00000001)
    .ARM.Collect$$$$00000004                 0x080000f0   Section        4  entry5.o(.ARM.Collect$$$$00000004)
    .ARM.Collect$$$$00000008                 0x080000f4   Section        0  entry7b.o(.ARM.Collect$$$$00000008)
    .ARM.Collect$$$$0000000A                 0x080000f4   Section        0  entry8b.o(.ARM.Collect$$$$0000000A)
    .ARM.Collect$$$$0000000B                 0x080000f4   Section        8  entry9a.o(.ARM.Collect$$$$0000000B)
    .ARM.Collect$$$$0000000D                 0x080000fc   Section        0  entry10a.o(.ARM.Collect$$$$0000000D)
    .ARM.Collect$$$$0000000F                 0x080000fc   Section        0  entry11a.o(.ARM.Collect$$$$0000000F)
    .ARM.Collect$$$$00002712                 0x080000fc   Section        4  entry2.o(.ARM.Collect$$$$00002712)
    __lit__00000000                          0x080000fc   Data           4  entry2.o(.ARM.Collect$$$$00002712)
    .text                                    0x08000100   Section       36  startup_stm32f103xb.o(.text)
    .text                                    0x08000124   Section        0  memseta.o(.text)
    .text                                    0x08000148   Section        0  fdiv.o(.text)
    .text                                    0x080001c4   Section        0  fflti.o(.text)
    .text                                    0x080001d6   Section        0  ffixi.o(.text)
    .text                                    0x08000208   Section        0  uidiv.o(.text)
    .text                                    0x08000234   Section        0  iusefp.o(.text)
    .text                                    0x08000234   Section        0  fepilogue.o(.text)
    .text                                    0x080002a4   Section       36  init.o(.text)
    i.ADXL345_RecvACK                        0x080002c8   Section        0  adxl.o(i.ADXL345_RecvACK)
    i.ADXL345_RecvByte                       0x08000324   Section        0  adxl.o(i.ADXL345_RecvByte)
    i.ADXL345_SendACK                        0x080003a0   Section        0  adxl.o(i.ADXL345_SendACK)
    i.ADXL345_SendByte                       0x080003e4   Section        0  adxl.o(i.ADXL345_SendByte)
    i.ADXL345_Start                          0x0800043c   Section        0  adxl.o(i.ADXL345_Start)
    i.ADXL345_Stop                           0x08000484   Section        0  adxl.o(i.ADXL345_Stop)
    i.BusFault_Handler                       0x080004c8   Section        0  stm32f1xx_it.o(i.BusFault_Handler)
    i.DebugMon_Handler                       0x080004ca   Section        0  stm32f1xx_it.o(i.DebugMon_Handler)
    i.EXTI9_5_IRQHandler                     0x080004cc   Section        0  stm32f1xx_it.o(i.EXTI9_5_IRQHandler)
    i.Error_Handler                          0x080004d4   Section        0  main.o(i.Error_Handler)
    i.HAL_Delay                              0x080004d8   Section        0  stm32f1xx_hal.o(i.HAL_Delay)
    i.HAL_GPIO_EXTI_Callback                 0x080004fc   Section        0  main.o(i.HAL_GPIO_EXTI_Callback)
    i.HAL_GPIO_EXTI_IRQHandler               0x08000508   Section        0  stm32f1xx_hal_gpio.o(i.HAL_GPIO_EXTI_IRQHandler)
    i.HAL_GPIO_Init                          0x08000520   Section        0  stm32f1xx_hal_gpio.o(i.HAL_GPIO_Init)
    i.HAL_GPIO_ReadPin                       0x08000700   Section        0  stm32f1xx_hal_gpio.o(i.HAL_GPIO_ReadPin)
    i.HAL_GPIO_WritePin                      0x0800070a   Section        0  stm32f1xx_hal_gpio.o(i.HAL_GPIO_WritePin)
    i.HAL_GetTick                            0x08000714   Section        0  stm32f1xx_hal.o(i.HAL_GetTick)
    i.HAL_I2C_Init                           0x08000720   Section        0  stm32f1xx_hal_i2c.o(i.HAL_I2C_Init)
    i.HAL_I2C_Mem_Read                       0x080008a8   Section        0  stm32f1xx_hal_i2c.o(i.HAL_I2C_Mem_Read)
    i.HAL_I2C_Mem_Write                      0x08000af8   Section        0  stm32f1xx_hal_i2c.o(i.HAL_I2C_Mem_Write)
    i.HAL_I2C_MspInit                        0x08000c28   Section        0  i2c.o(i.HAL_I2C_MspInit)
    i.HAL_IncTick                            0x08000c98   Section        0  stm32f1xx_hal.o(i.HAL_IncTick)
    i.HAL_Init                               0x08000ca8   Section        0  stm32f1xx_hal.o(i.HAL_Init)
    i.HAL_InitTick                           0x08000ccc   Section        0  stm32f1xx_hal.o(i.HAL_InitTick)
    i.HAL_MspInit                            0x08000d0c   Section        0  stm32f1xx_hal_msp.o(i.HAL_MspInit)
    i.HAL_NVIC_EnableIRQ                     0x08000d48   Section        0  stm32f1xx_hal_cortex.o(i.HAL_NVIC_EnableIRQ)
    i.HAL_NVIC_SetPriority                   0x08000d64   Section        0  stm32f1xx_hal_cortex.o(i.HAL_NVIC_SetPriority)
    i.HAL_NVIC_SetPriorityGrouping           0x08000da4   Section        0  stm32f1xx_hal_cortex.o(i.HAL_NVIC_SetPriorityGrouping)
    i.HAL_PWR_EnableBkUpAccess               0x08000dc8   Section        0  stm32f1xx_hal_pwr.o(i.HAL_PWR_EnableBkUpAccess)
    i.HAL_RCCEx_GetPeriphCLKFreq             0x08000dd4   Section        0  stm32f1xx_hal_rcc_ex.o(i.HAL_RCCEx_GetPeriphCLKFreq)
    i.HAL_RCCEx_PeriphCLKConfig              0x08000e9c   Section        0  stm32f1xx_hal_rcc_ex.o(i.HAL_RCCEx_PeriphCLKConfig)
    i.HAL_RCC_ClockConfig                    0x08000f88   Section        0  stm32f1xx_hal_rcc.o(i.HAL_RCC_ClockConfig)
    i.HAL_RCC_GetPCLK1Freq                   0x080010b4   Section        0  stm32f1xx_hal_rcc.o(i.HAL_RCC_GetPCLK1Freq)
    i.HAL_RCC_GetPCLK2Freq                   0x080010d4   Section        0  stm32f1xx_hal_rcc.o(i.HAL_RCC_GetPCLK2Freq)
    i.HAL_RCC_GetSysClockFreq                0x080010f4   Section        0  stm32f1xx_hal_rcc.o(i.HAL_RCC_GetSysClockFreq)
    i.HAL_RCC_OscConfig                      0x08001160   Section        0  stm32f1xx_hal_rcc.o(i.HAL_RCC_OscConfig)
    i.HAL_RTCEx_BKUPRead                     0x08001480   Section        0  stm32f1xx_hal_rtc_ex.o(i.HAL_RTCEx_BKUPRead)
    i.HAL_RTCEx_BKUPWrite                    0x08001490   Section        0  stm32f1xx_hal_rtc_ex.o(i.HAL_RTCEx_BKUPWrite)
    i.HAL_RTC_GetDate                        0x080014a0   Section        0  stm32f1xx_hal_rtc.o(i.HAL_RTC_GetDate)
    i.HAL_RTC_GetTime                        0x080014ee   Section        0  stm32f1xx_hal_rtc.o(i.HAL_RTC_GetTime)
    i.HAL_RTC_Init                           0x080015c8   Section        0  stm32f1xx_hal_rtc.o(i.HAL_RTC_Init)
    i.HAL_RTC_MspInit                        0x08001668   Section        0  rtc.o(i.HAL_RTC_MspInit)
    i.HAL_RTC_SetDate                        0x0800169c   Section        0  stm32f1xx_hal_rtc.o(i.HAL_RTC_SetDate)
    i.HAL_RTC_SetTime                        0x08001760   Section        0  stm32f1xx_hal_rtc.o(i.HAL_RTC_SetTime)
    i.HAL_RTC_WaitForSynchro                 0x0800180c   Section        0  stm32f1xx_hal_rtc.o(i.HAL_RTC_WaitForSynchro)
    i.HAL_SYSTICK_Config                     0x08001846   Section        0  stm32f1xx_hal_cortex.o(i.HAL_SYSTICK_Config)
    i.HardFault_Handler                      0x0800186e   Section        0  stm32f1xx_it.o(i.HardFault_Handler)
    i.I2C_IsAcknowledgeFailed                0x08001870   Section        0  stm32f1xx_hal_i2c.o(i.I2C_IsAcknowledgeFailed)
    I2C_IsAcknowledgeFailed                  0x08001871   Thumb Code    46  stm32f1xx_hal_i2c.o(i.I2C_IsAcknowledgeFailed)
    i.I2C_RequestMemoryRead                  0x080018a0   Section        0  stm32f1xx_hal_i2c.o(i.I2C_RequestMemoryRead)
    I2C_RequestMemoryRead                    0x080018a1   Thumb Code   246  stm32f1xx_hal_i2c.o(i.I2C_RequestMemoryRead)
    i.I2C_RequestMemoryWrite                 0x0800199c   Section        0  stm32f1xx_hal_i2c.o(i.I2C_RequestMemoryWrite)
    I2C_RequestMemoryWrite                   0x0800199d   Thumb Code   162  stm32f1xx_hal_i2c.o(i.I2C_RequestMemoryWrite)
    i.I2C_WaitOnBTFFlagUntilTimeout          0x08001a44   Section        0  stm32f1xx_hal_i2c.o(i.I2C_WaitOnBTFFlagUntilTimeout)
    I2C_WaitOnBTFFlagUntilTimeout            0x08001a45   Thumb Code    76  stm32f1xx_hal_i2c.o(i.I2C_WaitOnBTFFlagUntilTimeout)
    i.I2C_WaitOnFlagUntilTimeout             0x08001a90   Section        0  stm32f1xx_hal_i2c.o(i.I2C_WaitOnFlagUntilTimeout)
    I2C_WaitOnFlagUntilTimeout               0x08001a91   Thumb Code   104  stm32f1xx_hal_i2c.o(i.I2C_WaitOnFlagUntilTimeout)
    i.I2C_WaitOnMasterAddressFlagUntilTimeout 0x08001af8   Section        0  stm32f1xx_hal_i2c.o(i.I2C_WaitOnMasterAddressFlagUntilTimeout)
    I2C_WaitOnMasterAddressFlagUntilTimeout  0x08001af9   Thumb Code   150  stm32f1xx_hal_i2c.o(i.I2C_WaitOnMasterAddressFlagUntilTimeout)
    i.I2C_WaitOnRXNEFlagUntilTimeout         0x08001b8e   Section        0  stm32f1xx_hal_i2c.o(i.I2C_WaitOnRXNEFlagUntilTimeout)
    I2C_WaitOnRXNEFlagUntilTimeout           0x08001b8f   Thumb Code   102  stm32f1xx_hal_i2c.o(i.I2C_WaitOnRXNEFlagUntilTimeout)
    i.I2C_WaitOnTXEFlagUntilTimeout          0x08001bf4   Section        0  stm32f1xx_hal_i2c.o(i.I2C_WaitOnTXEFlagUntilTimeout)
    I2C_WaitOnTXEFlagUntilTimeout            0x08001bf5   Thumb Code    76  stm32f1xx_hal_i2c.o(i.I2C_WaitOnTXEFlagUntilTimeout)
    i.Init_ADXL345                           0x08001c40   Section        0  adxl.o(i.Init_ADXL345)
    i.MX_GPIO_Init                           0x08001c80   Section        0  gpio.o(i.MX_GPIO_Init)
    i.MX_I2C1_Init                           0x08001d6c   Section        0  i2c.o(i.MX_I2C1_Init)
    i.MX_RTC_Init                            0x08001dac   Section        0  rtc.o(i.MX_RTC_Init)
    i.Max30102_FifoAlmostFullValue           0x08001edc   Section        0  max30102.o(i.Max30102_FifoAlmostFullValue)
    i.Max30102_FifoOverflowCounter           0x08001f1e   Section        0  max30102.o(i.Max30102_FifoOverflowCounter)
    i.Max30102_FifoReadPointer               0x08001f32   Section        0  max30102.o(i.Max30102_FifoReadPointer)
    i.Max30102_FifoRolloverEnable            0x08001f46   Section        0  max30102.o(i.Max30102_FifoRolloverEnable)
    i.Max30102_FifoSampleAveraging           0x08001f52   Section        0  max30102.o(i.Max30102_FifoSampleAveraging)
    i.Max30102_FifoWritePointer              0x08001f84   Section        0  max30102.o(i.Max30102_FifoWritePointer)
    i.Max30102_GetHeartRate                  0x08001f98   Section        0  max30102.o(i.Max30102_GetHeartRate)
    i.Max30102_Init                          0x08001fa4   Section        0  max30102.o(i.Max30102_Init)
    i.Max30102_InterruptCallback             0x08002050   Section        0  max30102.o(i.Max30102_InterruptCallback)
    i.Max30102_Led1PulseAmplitude            0x08002130   Section        0  max30102.o(i.Max30102_Led1PulseAmplitude)
    i.Max30102_Led2PulseAmplitude            0x08002142   Section        0  max30102.o(i.Max30102_Led2PulseAmplitude)
    i.Max30102_ReadFifo                      0x08002154   Section        0  max30102.o(i.Max30102_ReadFifo)
    i.Max30102_ReadInterruptStatus           0x080021e0   Section        0  max30102.o(i.Max30102_ReadInterruptStatus)
    i.Max30102_ReadReg                       0x08002208   Section        0  max30102.o(i.Max30102_ReadReg)
    i.Max30102_Reset                         0x08002230   Section        0  max30102.o(i.Max30102_Reset)
    i.Max30102_SetIntAlmostFullEnabled       0x08002260   Section        0  max30102.o(i.Max30102_SetIntAlmostFullEnabled)
    i.Max30102_SetIntFifoDataReadyEnabled    0x0800226a   Section        0  max30102.o(i.Max30102_SetIntFifoDataReadyEnabled)
    i.Max30102_SetMode                       0x08002274   Section        0  max30102.o(i.Max30102_SetMode)
    i.Max30102_SpO2AdcRange                  0x080022a4   Section        0  max30102.o(i.Max30102_SpO2AdcRange)
    i.Max30102_SpO2LedPulseWidth             0x080022d6   Section        0  max30102.o(i.Max30102_SpO2LedPulseWidth)
    i.Max30102_SpO2SampleRate                0x08002306   Section        0  max30102.o(i.Max30102_SpO2SampleRate)
    i.Max30102_Task                          0x08002338   Section        0  max30102.o(i.Max30102_Task)
    i.Max30102_WriteReg                      0x080023e4   Section        0  max30102.o(i.Max30102_WriteReg)
    i.Max30102_WriteRegisterBit              0x08002410   Section        0  max30102.o(i.Max30102_WriteRegisterBit)
    i.MemManage_Handler                      0x08002446   Section        0  stm32f1xx_it.o(i.MemManage_Handler)
    i.Multiple_read_ADXL345                  0x08002448   Section        0  adxl.o(i.Multiple_read_ADXL345)
    i.NMI_Handler                            0x08002498   Section        0  stm32f1xx_it.o(i.NMI_Handler)
    i.OLED_CS                                0x0800249c   Section        0  oled.o(i.OLED_CS)
    i.OLED_Clear                             0x080024b4   Section        0  oled.o(i.OLED_Clear)
    i.OLED_DC                                0x080024e0   Section        0  oled.o(i.OLED_DC)
    i.OLED_DrawPoint                         0x080024f8   Section        0  oled.o(i.OLED_DrawPoint)
    i.OLED_Init                              0x08002534   Section        0  oled.o(i.OLED_Init)
    i.OLED_RES                               0x080025f4   Section        0  oled.o(i.OLED_RES)
    i.OLED_Refresh_GRAM                      0x0800260c   Section        0  oled.o(i.OLED_Refresh_GRAM)
    i.OLED_SCLK                              0x0800264c   Section        0  oled.o(i.OLED_SCLK)
    i.OLED_SDIN                              0x08002664   Section        0  oled.o(i.OLED_SDIN)
    i.OLED_Show_Char                         0x0800267c   Section        0  oled.o(i.OLED_Show_Char)
    i.OLED_Show_String                       0x0800272c   Section        0  oled.o(i.OLED_Show_String)
    i.OLED_WR_Cmd                            0x08002782   Section        0  oled.o(i.OLED_WR_Cmd)
    i.OLED_WR_Data                           0x080027c4   Section        0  oled.o(i.OLED_WR_Data)
    i.PendSV_Handler                         0x08002806   Section        0  stm32f1xx_it.o(i.PendSV_Handler)
    i.RTC_Bcd2ToByte                         0x08002808   Section        0  stm32f1xx_hal_rtc.o(i.RTC_Bcd2ToByte)
    RTC_Bcd2ToByte                           0x08002809   Thumb Code    18  stm32f1xx_hal_rtc.o(i.RTC_Bcd2ToByte)
    i.RTC_ByteToBcd2                         0x0800281a   Section        0  stm32f1xx_hal_rtc.o(i.RTC_ByteToBcd2)
    RTC_ByteToBcd2                           0x0800281b   Thumb Code    22  stm32f1xx_hal_rtc.o(i.RTC_ByteToBcd2)
    i.RTC_DateUpdate                         0x08002830   Section        0  stm32f1xx_hal_rtc.o(i.RTC_DateUpdate)
    RTC_DateUpdate                           0x08002831   Thumb Code   174  stm32f1xx_hal_rtc.o(i.RTC_DateUpdate)
    i.RTC_EnterInitMode                      0x080028de   Section        0  stm32f1xx_hal_rtc.o(i.RTC_EnterInitMode)
    RTC_EnterInitMode                        0x080028df   Thumb Code    52  stm32f1xx_hal_rtc.o(i.RTC_EnterInitMode)
    i.RTC_ExitInitMode                       0x08002914   Section        0  stm32f1xx_hal_rtc.o(i.RTC_ExitInitMode)
    RTC_ExitInitMode                         0x08002915   Thumb Code    54  stm32f1xx_hal_rtc.o(i.RTC_ExitInitMode)
    i.RTC_ReadAlarmCounter                   0x0800294a   Section        0  stm32f1xx_hal_rtc.o(i.RTC_ReadAlarmCounter)
    RTC_ReadAlarmCounter                     0x0800294b   Thumb Code    14  stm32f1xx_hal_rtc.o(i.RTC_ReadAlarmCounter)
    i.RTC_ReadTimeCounter                    0x08002958   Section        0  stm32f1xx_hal_rtc.o(i.RTC_ReadTimeCounter)
    RTC_ReadTimeCounter                      0x08002959   Thumb Code    32  stm32f1xx_hal_rtc.o(i.RTC_ReadTimeCounter)
    i.RTC_WeekDayNum                         0x08002978   Section        0  stm32f1xx_hal_rtc.o(i.RTC_WeekDayNum)
    RTC_WeekDayNum                           0x08002979   Thumb Code    86  stm32f1xx_hal_rtc.o(i.RTC_WeekDayNum)
    i.RTC_WriteAlarmCounter                  0x080029ce   Section        0  stm32f1xx_hal_rtc.o(i.RTC_WriteAlarmCounter)
    RTC_WriteAlarmCounter                    0x080029cf   Thumb Code    40  stm32f1xx_hal_rtc.o(i.RTC_WriteAlarmCounter)
    i.RTC_WriteTimeCounter                   0x080029f6   Section        0  stm32f1xx_hal_rtc.o(i.RTC_WriteTimeCounter)
    RTC_WriteTimeCounter                     0x080029f7   Thumb Code    40  stm32f1xx_hal_rtc.o(i.RTC_WriteTimeCounter)
    i.RTC_fucking_change                     0x08002a1e   Section        0  rtc.o(i.RTC_fucking_change)
    i.SCL                                    0x08002aa0   Section        0  adxl.o(i.SCL)
    i.SDA                                    0x08002ab8   Section        0  adxl.o(i.SDA)
    i.SVC_Handler                            0x08002ad0   Section        0  stm32f1xx_it.o(i.SVC_Handler)
    i.Single_Write_ADXL345                   0x08002ad2   Section        0  adxl.o(i.Single_Write_ADXL345)
    i.SysTick_Handler                        0x08002af6   Section        0  stm32f1xx_it.o(i.SysTick_Handler)
    i.SystemClock_Config                     0x08002afa   Section        0  main.o(i.SystemClock_Config)
    i.SystemInit                             0x08002b62   Section        0  system_stm32f1xx.o(i.SystemInit)
    i.UsageFault_Handler                     0x08002b64   Section        0  stm32f1xx_it.o(i.UsageFault_Handler)
    i.__0sprintf$1                           0x08002b68   Section        0  printf1.o(i.__0sprintf$1)
    i.__NVIC_SetPriority                     0x08002b90   Section        0  stm32f1xx_hal_cortex.o(i.__NVIC_SetPriority)
    __NVIC_SetPriority                       0x08002b91   Thumb Code    32  stm32f1xx_hal_cortex.o(i.__NVIC_SetPriority)
    i.__scatterload_copy                     0x08002bb0   Section       14  handlers.o(i.__scatterload_copy)
    i.__scatterload_null                     0x08002bbe   Section        2  handlers.o(i.__scatterload_null)
    i.__scatterload_zeroinit                 0x08002bc0   Section       14  handlers.o(i.__scatterload_zeroinit)
    i._printf_core                           0x08002bd0   Section        0  printf1.o(i._printf_core)
    _printf_core                             0x08002bd1   Thumb Code   336  printf1.o(i._printf_core)
    i._sputc                                 0x08002d24   Section        0  printf1.o(i._sputc)
    _sputc                                   0x08002d25   Thumb Code    10  printf1.o(i._sputc)
    i.adxl_display                           0x08002d30   Section        0  adxl.o(i.adxl_display)
    i.delay_ms                               0x08002dcc   Section        0  delay.o(i.delay_ms)
    i.delay_us                               0x08002de8   Section        0  delay.o(i.delay_us)
    i.main                                   0x08002e1c   Section        0  main.o(i.main)
    i.maxim_find_peaks                       0x080034b0   Section        0  algorithm.o(i.maxim_find_peaks)
    i.maxim_heart_rate_and_oxygen_saturation 0x080034e4   Section        0  algorithm.o(i.maxim_heart_rate_and_oxygen_saturation)
    i.maxim_peaks_above_min_height           0x080038dc   Section        0  algorithm.o(i.maxim_peaks_above_min_height)
    i.maxim_remove_close_peaks               0x08003948   Section        0  algorithm.o(i.maxim_remove_close_peaks)
    i.maxim_sort_ascend                      0x080039b4   Section        0  algorithm.o(i.maxim_sort_ascend)
    i.maxim_sort_indices_descend             0x080039e8   Section        0  algorithm.o(i.maxim_sort_indices_descend)
    i.process_x                              0x08003a24   Section        0  adxl.o(i.process_x)
    i.process_z                              0x08003a4c   Section        0  adxl.o(i.process_z)
    i.rtc_display                            0x08003a74   Section        0  rtc.o(i.rtc_display)
    .constdata                               0x08003ba0   Section     6080  oled.o(.constdata)
    .constdata                               0x08005360   Section      246  algorithm.o(.constdata)
    .constdata                               0x08005456   Section       16  system_stm32f1xx.o(.constdata)
    .constdata                               0x08005466   Section        8  system_stm32f1xx.o(.constdata)
    .data                                    0x20000000   Section       32  adxl.o(.data)
    .data                                    0x20000020   Section        4  delay.o(.data)
    fac_us                                   0x20000020   Data           4  delay.o(.data)
    .data                                    0x20000024   Section       28  max30102.o(.data)
    .data                                    0x20000040   Section       12  stm32f1xx_hal.o(.data)
    .data                                    0x2000004c   Section        4  system_stm32f1xx.o(.data)
    .bss                                     0x20000050   Section     1024  oled.o(.bss)
    .bss                                     0x20000450   Section     5984  algorithm.o(.bss)
    an_dx                                    0x20000450   Data        1984  algorithm.o(.bss)
    an_x                                     0x20000c10   Data        2000  algorithm.o(.bss)
    an_y                                     0x200013e0   Data        2000  algorithm.o(.bss)
    .bss                                     0x20001bb0   Section     4800  max30102.o(.bss)
    .bss                                     0x20002e70   Section       84  i2c.o(.bss)
    .bss                                     0x20002ec4   Section       20  rtc.o(.bss)
    STACK                                    0x20002ed8   Section     1024  startup_stm32f103xb.o(STACK)

    Global Symbols

    Symbol Name                              Value     Ov Type        Size  Object(Section)

    BuildAttributes$$THM_ISAv4$P$D$K$B$S$PE$A:L22UL41UL21$X:L11$S22US41US21$IEEE1$IW$USESV6$~STKCKD$USESV7$~SHL$OTIME$ROPI$EBA8$MICROLIB$REQ8$PRES8$EABIv2 0x00000000   Number         0  anon$$obj.o ABSOLUTE
    __ARM_use_no_argv                        0x00000000   Number         0  main.o ABSOLUTE
    _printf_a                                0x00000000   Number         0  stubs.o ABSOLUTE
    _printf_c                                0x00000000   Number         0  stubs.o ABSOLUTE
    _printf_charcount                        0x00000000   Number         0  stubs.o ABSOLUTE
    _printf_d                                0x00000000   Number         0  stubs.o ABSOLUTE
    _printf_e                                0x00000000   Number         0  stubs.o ABSOLUTE
    _printf_f                                0x00000000   Number         0  stubs.o ABSOLUTE
    _printf_flags                            0x00000000   Number         0  stubs.o ABSOLUTE
    _printf_fp_dec                           0x00000000   Number         0  stubs.o ABSOLUTE
    _printf_fp_hex                           0x00000000   Number         0  stubs.o ABSOLUTE
    _printf_g                                0x00000000   Number         0  stubs.o ABSOLUTE
    _printf_i                                0x00000000   Number         0  stubs.o ABSOLUTE
    _printf_int_dec                          0x00000000   Number         0  stubs.o ABSOLUTE
    _printf_l                                0x00000000   Number         0  stubs.o ABSOLUTE
    _printf_lc                               0x00000000   Number         0  stubs.o ABSOLUTE
    _printf_ll                               0x00000000   Number         0  stubs.o ABSOLUTE
    _printf_lld                              0x00000000   Number         0  stubs.o ABSOLUTE
    _printf_lli                              0x00000000   Number         0  stubs.o ABSOLUTE
    _printf_llo                              0x00000000   Number         0  stubs.o ABSOLUTE
    _printf_llu                              0x00000000   Number         0  stubs.o ABSOLUTE
    _printf_llx                              0x00000000   Number         0  stubs.o ABSOLUTE
    _printf_longlong_dec                     0x00000000   Number         0  stubs.o ABSOLUTE
    _printf_longlong_hex                     0x00000000   Number         0  stubs.o ABSOLUTE
    _printf_longlong_oct                     0x00000000   Number         0  stubs.o ABSOLUTE
    _printf_ls                               0x00000000   Number         0  stubs.o ABSOLUTE
    _printf_mbtowc                           0x00000000   Number         0  stubs.o ABSOLUTE
    _printf_n                                0x00000000   Number         0  stubs.o ABSOLUTE
    _printf_o                                0x00000000   Number         0  stubs.o ABSOLUTE
    _printf_p                                0x00000000   Number         0  stubs.o ABSOLUTE
    _printf_percent                          0x00000000   Number         0  stubs.o ABSOLUTE
    _printf_pre_padding                      0x00000000   Number         0  stubs.o ABSOLUTE
    _printf_return_value                     0x00000000   Number         0  stubs.o ABSOLUTE
    _printf_s                                0x00000000   Number         0  stubs.o ABSOLUTE
    _printf_sizespec                         0x00000000   Number         0  stubs.o ABSOLUTE
    _printf_str                              0x00000000   Number         0  stubs.o ABSOLUTE
    _printf_truncate_signed                  0x00000000   Number         0  stubs.o ABSOLUTE
    _printf_truncate_unsigned                0x00000000   Number         0  stubs.o ABSOLUTE
    _printf_u                                0x00000000   Number         0  stubs.o ABSOLUTE
    _printf_wc                               0x00000000   Number         0  stubs.o ABSOLUTE
    _printf_wctomb                           0x00000000   Number         0  stubs.o ABSOLUTE
    _printf_widthprec                        0x00000000   Number         0  stubs.o ABSOLUTE
    _printf_x                                0x00000000   Number         0  stubs.o ABSOLUTE
    __cpp_initialize__aeabi_                  - Undefined Weak Reference
    __cxa_finalize                            - Undefined Weak Reference
    __decompress                              - Undefined Weak Reference
    _clock_init                               - Undefined Weak Reference
    _microlib_exit                            - Undefined Weak Reference
    __Vectors_Size                           0x000000ec   Number         0  startup_stm32f103xb.o ABSOLUTE
    __Vectors                                0x08000000   Data           4  startup_stm32f103xb.o(RESET)
    __Vectors_End                            0x080000ec   Data           0  startup_stm32f103xb.o(RESET)
    __main                                   0x080000ed   Thumb Code     0  entry.o(.ARM.Collect$$$$00000000)
    _main_stk                                0x080000ed   Thumb Code     0  entry2.o(.ARM.Collect$$$$00000001)
    _main_scatterload                        0x080000f1   Thumb Code     0  entry5.o(.ARM.Collect$$$$00000004)
    __main_after_scatterload                 0x080000f5   Thumb Code     0  entry5.o(.ARM.Collect$$$$00000004)
    _main_clock                              0x080000f5   Thumb Code     0  entry7b.o(.ARM.Collect$$$$00000008)
    _main_cpp_init                           0x080000f5   Thumb Code     0  entry8b.o(.ARM.Collect$$$$0000000A)
    _main_init                               0x080000f5   Thumb Code     0  entry9a.o(.ARM.Collect$$$$0000000B)
    __rt_final_cpp                           0x080000fd   Thumb Code     0  entry10a.o(.ARM.Collect$$$$0000000D)
    __rt_final_exit                          0x080000fd   Thumb Code     0  entry11a.o(.ARM.Collect$$$$0000000F)
    Reset_Handler                            0x08000101   Thumb Code     8  startup_stm32f103xb.o(.text)
    ADC1_2_IRQHandler                        0x0800011b   Thumb Code     0  startup_stm32f103xb.o(.text)
    CAN1_RX1_IRQHandler                      0x0800011b   Thumb Code     0  startup_stm32f103xb.o(.text)
    CAN1_SCE_IRQHandler                      0x0800011b   Thumb Code     0  startup_stm32f103xb.o(.text)
    DMA1_Channel1_IRQHandler                 0x0800011b   Thumb Code     0  startup_stm32f103xb.o(.text)
    DMA1_Channel2_IRQHandler                 0x0800011b   Thumb Code     0  startup_stm32f103xb.o(.text)
    DMA1_Channel3_IRQHandler                 0x0800011b   Thumb Code     0  startup_stm32f103xb.o(.text)
    DMA1_Channel4_IRQHandler                 0x0800011b   Thumb Code     0  startup_stm32f103xb.o(.text)
    DMA1_Channel5_IRQHandler                 0x0800011b   Thumb Code     0  startup_stm32f103xb.o(.text)
    DMA1_Channel6_IRQHandler                 0x0800011b   Thumb Code     0  startup_stm32f103xb.o(.text)
    DMA1_Channel7_IRQHandler                 0x0800011b   Thumb Code     0  startup_stm32f103xb.o(.text)
    EXTI0_IRQHandler                         0x0800011b   Thumb Code     0  startup_stm32f103xb.o(.text)
    EXTI15_10_IRQHandler                     0x0800011b   Thumb Code     0  startup_stm32f103xb.o(.text)
    EXTI1_IRQHandler                         0x0800011b   Thumb Code     0  startup_stm32f103xb.o(.text)
    EXTI2_IRQHandler                         0x0800011b   Thumb Code     0  startup_stm32f103xb.o(.text)
    EXTI3_IRQHandler                         0x0800011b   Thumb Code     0  startup_stm32f103xb.o(.text)
    EXTI4_IRQHandler                         0x0800011b   Thumb Code     0  startup_stm32f103xb.o(.text)
    FLASH_IRQHandler                         0x0800011b   Thumb Code     0  startup_stm32f103xb.o(.text)
    I2C1_ER_IRQHandler                       0x0800011b   Thumb Code     0  startup_stm32f103xb.o(.text)
    I2C1_EV_IRQHandler                       0x0800011b   Thumb Code     0  startup_stm32f103xb.o(.text)
    I2C2_ER_IRQHandler                       0x0800011b   Thumb Code     0  startup_stm32f103xb.o(.text)
    I2C2_EV_IRQHandler                       0x0800011b   Thumb Code     0  startup_stm32f103xb.o(.text)
    PVD_IRQHandler                           0x0800011b   Thumb Code     0  startup_stm32f103xb.o(.text)
    RCC_IRQHandler                           0x0800011b   Thumb Code     0  startup_stm32f103xb.o(.text)
    RTC_Alarm_IRQHandler                     0x0800011b   Thumb Code     0  startup_stm32f103xb.o(.text)
    RTC_IRQHandler                           0x0800011b   Thumb Code     0  startup_stm32f103xb.o(.text)
    SPI1_IRQHandler                          0x0800011b   Thumb Code     0  startup_stm32f103xb.o(.text)
    SPI2_IRQHandler                          0x0800011b   Thumb Code     0  startup_stm32f103xb.o(.text)
    TAMPER_IRQHandler                        0x0800011b   Thumb Code     0  startup_stm32f103xb.o(.text)
    TIM1_BRK_IRQHandler                      0x0800011b   Thumb Code     0  startup_stm32f103xb.o(.text)
    TIM1_CC_IRQHandler                       0x0800011b   Thumb Code     0  startup_stm32f103xb.o(.text)
    TIM1_TRG_COM_IRQHandler                  0x0800011b   Thumb Code     0  startup_stm32f103xb.o(.text)
    TIM1_UP_IRQHandler                       0x0800011b   Thumb Code     0  startup_stm32f103xb.o(.text)
    TIM2_IRQHandler                          0x0800011b   Thumb Code     0  startup_stm32f103xb.o(.text)
    TIM3_IRQHandler                          0x0800011b   Thumb Code     0  startup_stm32f103xb.o(.text)
    TIM4_IRQHandler                          0x0800011b   Thumb Code     0  startup_stm32f103xb.o(.text)
    USART1_IRQHandler                        0x0800011b   Thumb Code     0  startup_stm32f103xb.o(.text)
    USART2_IRQHandler                        0x0800011b   Thumb Code     0  startup_stm32f103xb.o(.text)
    USART3_IRQHandler                        0x0800011b   Thumb Code     0  startup_stm32f103xb.o(.text)
    USBWakeUp_IRQHandler                     0x0800011b   Thumb Code     0  startup_stm32f103xb.o(.text)
    USB_HP_CAN1_TX_IRQHandler                0x0800011b   Thumb Code     0  startup_stm32f103xb.o(.text)
    USB_LP_CAN1_RX0_IRQHandler               0x0800011b   Thumb Code     0  startup_stm32f103xb.o(.text)
    WWDG_IRQHandler                          0x0800011b   Thumb Code     0  startup_stm32f103xb.o(.text)
    __aeabi_memset                           0x08000125   Thumb Code    14  memseta.o(.text)
    __aeabi_memset4                          0x08000125   Thumb Code     0  memseta.o(.text)
    __aeabi_memset8                          0x08000125   Thumb Code     0  memseta.o(.text)
    __aeabi_memclr                           0x08000133   Thumb Code     4  memseta.o(.text)
    __aeabi_memclr4                          0x08000133   Thumb Code     0  memseta.o(.text)
    __aeabi_memclr8                          0x08000133   Thumb Code     0  memseta.o(.text)
    _memset$wrapper                          0x08000137   Thumb Code    18  memseta.o(.text)
    __aeabi_fdiv                             0x08000149   Thumb Code   124  fdiv.o(.text)
    __aeabi_i2f                              0x080001c5   Thumb Code    18  fflti.o(.text)
    __aeabi_f2iz                             0x080001d7   Thumb Code    50  ffixi.o(.text)
    __aeabi_uidiv                            0x08000209   Thumb Code     0  uidiv.o(.text)
    __aeabi_uidivmod                         0x08000209   Thumb Code    44  uidiv.o(.text)
    __I$use$fp                               0x08000235   Thumb Code     0  iusefp.o(.text)
    _float_round                             0x08000235   Thumb Code    18  fepilogue.o(.text)
    _float_epilogue                          0x08000247   Thumb Code    92  fepilogue.o(.text)
    __scatterload                            0x080002a5   Thumb Code    28  init.o(.text)
    __scatterload_rt2                        0x080002a5   Thumb Code     0  init.o(.text)
    ADXL345_RecvACK                          0x080002c9   Thumb Code    88  adxl.o(i.ADXL345_RecvACK)
    ADXL345_RecvByte                         0x08000325   Thumb Code   118  adxl.o(i.ADXL345_RecvByte)
    ADXL345_SendACK                          0x080003a1   Thumb Code    64  adxl.o(i.ADXL345_SendACK)
    ADXL345_SendByte                         0x080003e5   Thumb Code    84  adxl.o(i.ADXL345_SendByte)
    ADXL345_Start                            0x0800043d   Thumb Code    68  adxl.o(i.ADXL345_Start)
    ADXL345_Stop                             0x08000485   Thumb Code    62  adxl.o(i.ADXL345_Stop)
    BusFault_Handler                         0x080004c9   Thumb Code     2  stm32f1xx_it.o(i.BusFault_Handler)
    DebugMon_Handler                         0x080004cb   Thumb Code     2  stm32f1xx_it.o(i.DebugMon_Handler)
    EXTI9_5_IRQHandler                       0x080004cd   Thumb Code     8  stm32f1xx_it.o(i.EXTI9_5_IRQHandler)
    Error_Handler                            0x080004d5   Thumb Code     2  main.o(i.Error_Handler)
    HAL_Delay                                0x080004d9   Thumb Code    32  stm32f1xx_hal.o(i.HAL_Delay)
    HAL_GPIO_EXTI_Callback                   0x080004fd   Thumb Code    12  main.o(i.HAL_GPIO_EXTI_Callback)
    HAL_GPIO_EXTI_IRQHandler                 0x08000509   Thumb Code    18  stm32f1xx_hal_gpio.o(i.HAL_GPIO_EXTI_IRQHandler)
    HAL_GPIO_Init                            0x08000521   Thumb Code   446  stm32f1xx_hal_gpio.o(i.HAL_GPIO_Init)
    HAL_GPIO_ReadPin                         0x08000701   Thumb Code    10  stm32f1xx_hal_gpio.o(i.HAL_GPIO_ReadPin)
    HAL_GPIO_WritePin                        0x0800070b   Thumb Code    10  stm32f1xx_hal_gpio.o(i.HAL_GPIO_WritePin)
    HAL_GetTick                              0x08000715   Thumb Code     6  stm32f1xx_hal.o(i.HAL_GetTick)
    HAL_I2C_Init                             0x08000721   Thumb Code   376  stm32f1xx_hal_i2c.o(i.HAL_I2C_Init)
    HAL_I2C_Mem_Read                         0x080008a9   Thumb Code   574  stm32f1xx_hal_i2c.o(i.HAL_I2C_Mem_Read)
    HAL_I2C_Mem_Write                        0x08000af9   Thumb Code   294  stm32f1xx_hal_i2c.o(i.HAL_I2C_Mem_Write)
    HAL_I2C_MspInit                          0x08000c29   Thumb Code    96  i2c.o(i.HAL_I2C_MspInit)
    HAL_IncTick                              0x08000c99   Thumb Code    12  stm32f1xx_hal.o(i.HAL_IncTick)
    HAL_Init                                 0x08000ca9   Thumb Code    32  stm32f1xx_hal.o(i.HAL_Init)
    HAL_InitTick                             0x08000ccd   Thumb Code    54  stm32f1xx_hal.o(i.HAL_InitTick)
    HAL_MspInit                              0x08000d0d   Thumb Code    52  stm32f1xx_hal_msp.o(i.HAL_MspInit)
    HAL_NVIC_EnableIRQ                       0x08000d49   Thumb Code    26  stm32f1xx_hal_cortex.o(i.HAL_NVIC_EnableIRQ)
    HAL_NVIC_SetPriority                     0x08000d65   Thumb Code    60  stm32f1xx_hal_cortex.o(i.HAL_NVIC_SetPriority)
    HAL_NVIC_SetPriorityGrouping             0x08000da5   Thumb Code    26  stm32f1xx_hal_cortex.o(i.HAL_NVIC_SetPriorityGrouping)
    HAL_PWR_EnableBkUpAccess                 0x08000dc9   Thumb Code     8  stm32f1xx_hal_pwr.o(i.HAL_PWR_EnableBkUpAccess)
    HAL_RCCEx_GetPeriphCLKFreq               0x08000dd5   Thumb Code   166  stm32f1xx_hal_rcc_ex.o(i.HAL_RCCEx_GetPeriphCLKFreq)
    HAL_RCCEx_PeriphCLKConfig                0x08000e9d   Thumb Code   224  stm32f1xx_hal_rcc_ex.o(i.HAL_RCCEx_PeriphCLKConfig)
    HAL_RCC_ClockConfig                      0x08000f89   Thumb Code   280  stm32f1xx_hal_rcc.o(i.HAL_RCC_ClockConfig)
    HAL_RCC_GetPCLK1Freq                     0x080010b5   Thumb Code    20  stm32f1xx_hal_rcc.o(i.HAL_RCC_GetPCLK1Freq)
    HAL_RCC_GetPCLK2Freq                     0x080010d5   Thumb Code    20  stm32f1xx_hal_rcc.o(i.HAL_RCC_GetPCLK2Freq)
    HAL_RCC_GetSysClockFreq                  0x080010f5   Thumb Code    74  stm32f1xx_hal_rcc.o(i.HAL_RCC_GetSysClockFreq)
    HAL_RCC_OscConfig                        0x08001161   Thumb Code   778  stm32f1xx_hal_rcc.o(i.HAL_RCC_OscConfig)
    HAL_RTCEx_BKUPRead                       0x08001481   Thumb Code    10  stm32f1xx_hal_rtc_ex.o(i.HAL_RTCEx_BKUPRead)
    HAL_RTCEx_BKUPWrite                      0x08001491   Thumb Code    12  stm32f1xx_hal_rtc_ex.o(i.HAL_RTCEx_BKUPWrite)
    HAL_RTC_GetDate                          0x080014a1   Thumb Code    78  stm32f1xx_hal_rtc.o(i.HAL_RTC_GetDate)
    HAL_RTC_GetTime                          0x080014ef   Thumb Code   216  stm32f1xx_hal_rtc.o(i.HAL_RTC_GetTime)
    HAL_RTC_Init                             0x080015c9   Thumb Code   154  stm32f1xx_hal_rtc.o(i.HAL_RTC_Init)
    HAL_RTC_MspInit                          0x08001669   Thumb Code    40  rtc.o(i.HAL_RTC_MspInit)
    HAL_RTC_SetDate                          0x0800169d   Thumb Code   192  stm32f1xx_hal_rtc.o(i.HAL_RTC_SetDate)
    HAL_RTC_SetTime                          0x08001761   Thumb Code   168  stm32f1xx_hal_rtc.o(i.HAL_RTC_SetTime)
    HAL_RTC_WaitForSynchro                   0x0800180d   Thumb Code    58  stm32f1xx_hal_rtc.o(i.HAL_RTC_WaitForSynchro)
    HAL_SYSTICK_Config                       0x08001847   Thumb Code    40  stm32f1xx_hal_cortex.o(i.HAL_SYSTICK_Config)
    HardFault_Handler                        0x0800186f   Thumb Code     2  stm32f1xx_it.o(i.HardFault_Handler)
    Init_ADXL345                             0x08001c41   Thumb Code    62  adxl.o(i.Init_ADXL345)
    MX_GPIO_Init                             0x08001c81   Thumb Code   218  gpio.o(i.MX_GPIO_Init)
    MX_I2C1_Init                             0x08001d6d   Thumb Code    50  i2c.o(i.MX_I2C1_Init)
    MX_RTC_Init                              0x08001dad   Thumb Code   290  rtc.o(i.MX_RTC_Init)
    Max30102_FifoAlmostFullValue             0x08001edd   Thumb Code    66  max30102.o(i.Max30102_FifoAlmostFullValue)
    Max30102_FifoOverflowCounter             0x08001f1f   Thumb Code    20  max30102.o(i.Max30102_FifoOverflowCounter)
    Max30102_FifoReadPointer                 0x08001f33   Thumb Code    20  max30102.o(i.Max30102_FifoReadPointer)
    Max30102_FifoRolloverEnable              0x08001f47   Thumb Code    12  max30102.o(i.Max30102_FifoRolloverEnable)
    Max30102_FifoSampleAveraging             0x08001f53   Thumb Code    50  max30102.o(i.Max30102_FifoSampleAveraging)
    Max30102_FifoWritePointer                0x08001f85   Thumb Code    20  max30102.o(i.Max30102_FifoWritePointer)
    Max30102_GetHeartRate                    0x08001f99   Thumb Code     6  max30102.o(i.Max30102_GetHeartRate)
    Max30102_Init                            0x08001fa5   Thumb Code   168  max30102.o(i.Max30102_Init)
    Max30102_InterruptCallback               0x08002051   Thumb Code   214  max30102.o(i.Max30102_InterruptCallback)
    Max30102_Led1PulseAmplitude              0x08002131   Thumb Code    18  max30102.o(i.Max30102_Led1PulseAmplitude)
    Max30102_Led2PulseAmplitude              0x08002143   Thumb Code    18  max30102.o(i.Max30102_Led2PulseAmplitude)
    Max30102_ReadFifo                        0x08002155   Thumb Code   134  max30102.o(i.Max30102_ReadFifo)
    Max30102_ReadInterruptStatus             0x080021e1   Thumb Code    40  max30102.o(i.Max30102_ReadInterruptStatus)
    Max30102_ReadReg                         0x08002209   Thumb Code    34  max30102.o(i.Max30102_ReadReg)
    Max30102_Reset                           0x08002231   Thumb Code    48  max30102.o(i.Max30102_Reset)
    Max30102_SetIntAlmostFullEnabled         0x08002261   Thumb Code    10  max30102.o(i.Max30102_SetIntAlmostFullEnabled)
    Max30102_SetIntFifoDataReadyEnabled      0x0800226b   Thumb Code    10  max30102.o(i.Max30102_SetIntFifoDataReadyEnabled)
    Max30102_SetMode                         0x08002275   Thumb Code    48  max30102.o(i.Max30102_SetMode)
    Max30102_SpO2AdcRange                    0x080022a5   Thumb Code    50  max30102.o(i.Max30102_SpO2AdcRange)
    Max30102_SpO2LedPulseWidth               0x080022d7   Thumb Code    48  max30102.o(i.Max30102_SpO2LedPulseWidth)
    Max30102_SpO2SampleRate                  0x08002307   Thumb Code    50  max30102.o(i.Max30102_SpO2SampleRate)
    Max30102_Task                            0x08002339   Thumb Code   162  max30102.o(i.Max30102_Task)
    Max30102_WriteReg                        0x080023e5   Thumb Code    40  max30102.o(i.Max30102_WriteReg)
    Max30102_WriteRegisterBit                0x08002411   Thumb Code    54  max30102.o(i.Max30102_WriteRegisterBit)
    MemManage_Handler                        0x08002447   Thumb Code     2  stm32f1xx_it.o(i.MemManage_Handler)
    Multiple_read_ADXL345                    0x08002449   Thumb Code    74  adxl.o(i.Multiple_read_ADXL345)
    NMI_Handler                              0x08002499   Thumb Code     2  stm32f1xx_it.o(i.NMI_Handler)
    OLED_CS                                  0x0800249d   Thumb Code    20  oled.o(i.OLED_CS)
    OLED_Clear                               0x080024b5   Thumb Code    40  oled.o(i.OLED_Clear)
    OLED_DC                                  0x080024e1   Thumb Code    20  oled.o(i.OLED_DC)
    OLED_DrawPoint                           0x080024f9   Thumb Code    54  oled.o(i.OLED_DrawPoint)
    OLED_Init                                0x08002535   Thumb Code   192  oled.o(i.OLED_Init)
    OLED_RES                                 0x080025f5   Thumb Code    20  oled.o(i.OLED_RES)
    OLED_Refresh_GRAM                        0x0800260d   Thumb Code    60  oled.o(i.OLED_Refresh_GRAM)
    OLED_SCLK                                0x0800264d   Thumb Code    20  oled.o(i.OLED_SCLK)
    OLED_SDIN                                0x08002665   Thumb Code    18  oled.o(i.OLED_SDIN)
    OLED_Show_Char                           0x0800267d   Thumb Code   162  oled.o(i.OLED_Show_Char)
    OLED_Show_String                         0x0800272d   Thumb Code    86  oled.o(i.OLED_Show_String)
    OLED_WR_Cmd                              0x08002783   Thumb Code    66  oled.o(i.OLED_WR_Cmd)
    OLED_WR_Data                             0x080027c5   Thumb Code    66  oled.o(i.OLED_WR_Data)
    PendSV_Handler                           0x08002807   Thumb Code     2  stm32f1xx_it.o(i.PendSV_Handler)
    RTC_fucking_change                       0x08002a1f   Thumb Code   130  rtc.o(i.RTC_fucking_change)
    SCL                                      0x08002aa1   Thumb Code    20  adxl.o(i.SCL)
    SDA                                      0x08002ab9   Thumb Code    18  adxl.o(i.SDA)
    SVC_Handler                              0x08002ad1   Thumb Code     2  stm32f1xx_it.o(i.SVC_Handler)
    Single_Write_ADXL345                     0x08002ad3   Thumb Code    36  adxl.o(i.Single_Write_ADXL345)
    SysTick_Handler                          0x08002af7   Thumb Code     4  stm32f1xx_it.o(i.SysTick_Handler)
    SystemClock_Config                       0x08002afb   Thumb Code   104  main.o(i.SystemClock_Config)
    SystemInit                               0x08002b63   Thumb Code     2  system_stm32f1xx.o(i.SystemInit)
    UsageFault_Handler                       0x08002b65   Thumb Code     2  stm32f1xx_it.o(i.UsageFault_Handler)
    __0sprintf$1                             0x08002b69   Thumb Code    34  printf1.o(i.__0sprintf$1)
    __1sprintf$1                             0x08002b69   Thumb Code     0  printf1.o(i.__0sprintf$1)
    __2sprintf                               0x08002b69   Thumb Code     0  printf1.o(i.__0sprintf$1)
    __scatterload_copy                       0x08002bb1   Thumb Code    14  handlers.o(i.__scatterload_copy)
    __scatterload_null                       0x08002bbf   Thumb Code     2  handlers.o(i.__scatterload_null)
    __scatterload_zeroinit                   0x08002bc1   Thumb Code    14  handlers.o(i.__scatterload_zeroinit)
    adxl_display                             0x08002d31   Thumb Code   148  adxl.o(i.adxl_display)
    delay_ms                                 0x08002dcd   Thumb Code    26  delay.o(i.delay_ms)
    delay_us                                 0x08002de9   Thumb Code    48  delay.o(i.delay_us)
    main                                     0x08002e1d   Thumb Code  1660  main.o(i.main)
    maxim_find_peaks                         0x080034b1   Thumb Code    50  algorithm.o(i.maxim_find_peaks)
    maxim_heart_rate_and_oxygen_saturation   0x080034e5   Thumb Code   990  algorithm.o(i.maxim_heart_rate_and_oxygen_saturation)
    maxim_peaks_above_min_height             0x080038dd   Thumb Code   106  algorithm.o(i.maxim_peaks_above_min_height)
    maxim_remove_close_peaks                 0x08003949   Thumb Code   108  algorithm.o(i.maxim_remove_close_peaks)
    maxim_sort_ascend                        0x080039b5   Thumb Code    50  algorithm.o(i.maxim_sort_ascend)
    maxim_sort_indices_descend               0x080039e9   Thumb Code    58  algorithm.o(i.maxim_sort_indices_descend)
    process_x                                0x08003a25   Thumb Code    34  adxl.o(i.process_x)
    process_z                                0x08003a4d   Thumb Code    34  adxl.o(i.process_z)
    rtc_display                              0x08003a75   Thumb Code   278  rtc.o(i.rtc_display)
    asc2_1206                                0x08003ba0   Data        1140  oled.o(.constdata)
    asc2_1608                                0x08004014   Data        1520  oled.o(.constdata)
    asc2_2412                                0x08004604   Data        3420  oled.o(.constdata)
    auw_hamm                                 0x08005360   Data          62  algorithm.o(.constdata)
    uch_spo2_table                           0x0800539e   Data         184  algorithm.o(.constdata)
    AHBPrescTable                            0x08005456   Data          16  system_stm32f1xx.o(.constdata)
    APBPrescTable                            0x08005466   Data           8  system_stm32f1xx.o(.constdata)
    Region$$Table$$Base                      0x08005470   Number         0  anon$$obj.o(Region$$Table)
    Region$$Table$$Limit                     0x08005490   Number         0  anon$$obj.o(Region$$Table)
    Steps                                    0x20000000   Data           4  adxl.o(.data)
    aaa                                      0x20000004   Data           4  adxl.o(.data)
    bbb                                      0x20000008   Data           4  adxl.o(.data)
    dis_data_X                               0x2000000c   Data           4  adxl.o(.data)
    dis_data_Y                               0x20000010   Data           4  adxl.o(.data)
    dis_data_Z                               0x20000014   Data           4  adxl.o(.data)
    BUF                                      0x20000018   Data           8  adxl.o(.data)
    IsFingerOnScreen                         0x20000024   Data           1  max30102.o(.data)
    Sp02IsValid                              0x20000025   Data           1  max30102.o(.data)
    IsHrValid                                0x20000026   Data           1  max30102.o(.data)
    StateMachine                             0x20000027   Data           1  max30102.o(.data)
    i2c_max30102                             0x20000028   Data           4  max30102.o(.data)
    BufferHead                               0x2000002c   Data           4  max30102.o(.data)
    BufferTail                               0x20000030   Data           4  max30102.o(.data)
    CollectedSamples                         0x20000034   Data           4  max30102.o(.data)
    Sp02Value                                0x20000038   Data           4  max30102.o(.data)
    HeartRate                                0x2000003c   Data           4  max30102.o(.data)
    uwTickFreq                               0x20000040   Data           1  stm32f1xx_hal.o(.data)
    uwTickPrio                               0x20000044   Data           4  stm32f1xx_hal.o(.data)
    uwTick                                   0x20000048   Data           4  stm32f1xx_hal.o(.data)
    SystemCoreClock                          0x2000004c   Data           4  system_stm32f1xx.o(.data)
    OLED_GRAM                                0x20000050   Data        1024  oled.o(.bss)
    IrBuffer                                 0x20001bb0   Data        2400  max30102.o(.bss)
    RedBuffer                                0x20002510   Data        2400  max30102.o(.bss)
    hi2c1                                    0x20002e70   Data          84  i2c.o(.bss)
    hrtc                                     0x20002ec4   Data          20  rtc.o(.bss)
    __initial_sp                             0x200032d8   Data           0  startup_stm32f103xb.o(STACK)



==============================================================================

Memory Map of the image

  Image Entry point : 0x080000ed

  Load Region LR_IROM1 (Base: 0x08000000, Size: 0x000054e0, Max: 0x00010000, ABSOLUTE)

    Execution Region ER_IROM1 (Exec base: 0x08000000, Load base: 0x08000000, Size: 0x00005490, Max: 0x00010000, ABSOLUTE)

    Exec Addr    Load Addr    Size         Type   Attr      Idx    E Section Name        Object

    0x08000000   0x08000000   0x000000ec   Data   RO            3    RESET               startup_stm32f103xb.o
    0x080000ec   0x080000ec   0x00000000   Code   RO         2740  * .ARM.Collect$$$$00000000  mc_w.l(entry.o)
    0x080000ec   0x080000ec   0x00000004   Code   RO         3014    .ARM.Collect$$$$00000001  mc_w.l(entry2.o)
    0x080000f0   0x080000f0   0x00000004   Code   RO         3017    .ARM.Collect$$$$00000004  mc_w.l(entry5.o)
    0x080000f4   0x080000f4   0x00000000   Code   RO         3019    .ARM.Collect$$$$00000008  mc_w.l(entry7b.o)
    0x080000f4   0x080000f4   0x00000000   Code   RO         3021    .ARM.Collect$$$$0000000A  mc_w.l(entry8b.o)
    0x080000f4   0x080000f4   0x00000008   Code   RO         3022    .ARM.Collect$$$$0000000B  mc_w.l(entry9a.o)
    0x080000fc   0x080000fc   0x00000000   Code   RO         3024    .ARM.Collect$$$$0000000D  mc_w.l(entry10a.o)
    0x080000fc   0x080000fc   0x00000000   Code   RO         3026    .ARM.Collect$$$$0000000F  mc_w.l(entry11a.o)
    0x080000fc   0x080000fc   0x00000004   Code   RO         3015    .ARM.Collect$$$$00002712  mc_w.l(entry2.o)
    0x08000100   0x08000100   0x00000024   Code   RO            4    .text               startup_stm32f103xb.o
    0x08000124   0x08000124   0x00000024   Code   RO         2745    .text               mc_w.l(memseta.o)
    0x08000148   0x08000148   0x0000007c   Code   RO         3008    .text               mf_w.l(fdiv.o)
    0x080001c4   0x080001c4   0x00000012   Code   RO         3010    .text               mf_w.l(fflti.o)
    0x080001d6   0x080001d6   0x00000032   Code   RO         3012    .text               mf_w.l(ffixi.o)
    0x08000208   0x08000208   0x0000002c   Code   RO         3031    .text               mc_w.l(uidiv.o)
    0x08000234   0x08000234   0x00000000   Code   RO         3035    .text               mc_w.l(iusefp.o)
    0x08000234   0x08000234   0x0000006e   Code   RO         3036    .text               mf_w.l(fepilogue.o)
    0x080002a2   0x080002a2   0x00000002   PAD
    0x080002a4   0x080002a4   0x00000024   Code   RO         3048    .text               mc_w.l(init.o)
    0x080002c8   0x080002c8   0x0000005c   Code   RO          200    i.ADXL345_RecvACK   adxl.o
    0x08000324   0x08000324   0x0000007c   Code   RO          201    i.ADXL345_RecvByte  adxl.o
    0x080003a0   0x080003a0   0x00000044   Code   RO          202    i.ADXL345_SendACK   adxl.o
    0x080003e4   0x080003e4   0x00000058   Code   RO          203    i.ADXL345_SendByte  adxl.o
    0x0800043c   0x0800043c   0x00000048   Code   RO          204    i.ADXL345_Start     adxl.o
    0x08000484   0x08000484   0x00000044   Code   RO          205    i.ADXL345_Stop      adxl.o
    0x080004c8   0x080004c8   0x00000002   Code   RO          854    i.BusFault_Handler  stm32f1xx_it.o
    0x080004ca   0x080004ca   0x00000002   Code   RO          855    i.DebugMon_Handler  stm32f1xx_it.o
    0x080004cc   0x080004cc   0x00000008   Code   RO          856    i.EXTI9_5_IRQHandler  stm32f1xx_it.o
    0x080004d4   0x080004d4   0x00000002   Code   RO          673    i.Error_Handler     main.o
    0x080004d6   0x080004d6   0x00000002   PAD
    0x080004d8   0x080004d8   0x00000024   Code   RO         1429    i.HAL_Delay         stm32f1xx_hal.o
    0x080004fc   0x080004fc   0x0000000c   Code   RO          674    i.HAL_GPIO_EXTI_Callback  main.o
    0x08000508   0x08000508   0x00000018   Code   RO         1736    i.HAL_GPIO_EXTI_IRQHandler  stm32f1xx_hal_gpio.o
    0x08000520   0x08000520   0x000001e0   Code   RO         1737    i.HAL_GPIO_Init     stm32f1xx_hal_gpio.o
    0x08000700   0x08000700   0x0000000a   Code   RO         1739    i.HAL_GPIO_ReadPin  stm32f1xx_hal_gpio.o
    0x0800070a   0x0800070a   0x0000000a   Code   RO         1741    i.HAL_GPIO_WritePin  stm32f1xx_hal_gpio.o
    0x08000714   0x08000714   0x0000000c   Code   RO         1433    i.HAL_GetTick       stm32f1xx_hal.o
    0x08000720   0x08000720   0x00000188   Code   RO         1006    i.HAL_I2C_Init      stm32f1xx_hal_i2c.o
    0x080008a8   0x080008a8   0x00000250   Code   RO         1024    i.HAL_I2C_Mem_Read  stm32f1xx_hal_i2c.o
    0x08000af8   0x08000af8   0x00000130   Code   RO         1027    i.HAL_I2C_Mem_Write  stm32f1xx_hal_i2c.o
    0x08000c28   0x08000c28   0x00000070   Code   RO          759    i.HAL_I2C_MspInit   i2c.o
    0x08000c98   0x08000c98   0x00000010   Code   RO         1439    i.HAL_IncTick       stm32f1xx_hal.o
    0x08000ca8   0x08000ca8   0x00000024   Code   RO         1440    i.HAL_Init          stm32f1xx_hal.o
    0x08000ccc   0x08000ccc   0x00000040   Code   RO         1441    i.HAL_InitTick      stm32f1xx_hal.o
    0x08000d0c   0x08000d0c   0x0000003c   Code   RO          935    i.HAL_MspInit       stm32f1xx_hal_msp.o
    0x08000d48   0x08000d48   0x0000001a   Code   RO         1897    i.HAL_NVIC_EnableIRQ  stm32f1xx_hal_cortex.o
    0x08000d62   0x08000d62   0x00000002   PAD
    0x08000d64   0x08000d64   0x00000040   Code   RO         1903    i.HAL_NVIC_SetPriority  stm32f1xx_hal_cortex.o
    0x08000da4   0x08000da4   0x00000024   Code   RO         1904    i.HAL_NVIC_SetPriorityGrouping  stm32f1xx_hal_cortex.o
    0x08000dc8   0x08000dc8   0x0000000c   Code   RO         2019    i.HAL_PWR_EnableBkUpAccess  stm32f1xx_hal_pwr.o
    0x08000dd4   0x08000dd4   0x000000c8   Code   RO         1699    i.HAL_RCCEx_GetPeriphCLKFreq  stm32f1xx_hal_rcc_ex.o
    0x08000e9c   0x08000e9c   0x000000ec   Code   RO         1700    i.HAL_RCCEx_PeriphCLKConfig  stm32f1xx_hal_rcc_ex.o
    0x08000f88   0x08000f88   0x0000012c   Code   RO         1597    i.HAL_RCC_ClockConfig  stm32f1xx_hal_rcc.o
    0x080010b4   0x080010b4   0x00000020   Code   RO         1604    i.HAL_RCC_GetPCLK1Freq  stm32f1xx_hal_rcc.o
    0x080010d4   0x080010d4   0x00000020   Code   RO         1605    i.HAL_RCC_GetPCLK2Freq  stm32f1xx_hal_rcc.o
    0x080010f4   0x080010f4   0x0000006c   Code   RO         1606    i.HAL_RCC_GetSysClockFreq  stm32f1xx_hal_rcc.o
    0x08001160   0x08001160   0x00000320   Code   RO         1609    i.HAL_RCC_OscConfig  stm32f1xx_hal_rcc.o
    0x08001480   0x08001480   0x00000010   Code   RO         2567    i.HAL_RTCEx_BKUPRead  stm32f1xx_hal_rtc_ex.o
    0x08001490   0x08001490   0x00000010   Code   RO         2568    i.HAL_RTCEx_BKUPWrite  stm32f1xx_hal_rtc_ex.o
    0x080014a0   0x080014a0   0x0000004e   Code   RO         2402    i.HAL_RTC_GetDate   stm32f1xx_hal_rtc.o
    0x080014ee   0x080014ee   0x000000d8   Code   RO         2404    i.HAL_RTC_GetTime   stm32f1xx_hal_rtc.o
    0x080015c6   0x080015c6   0x00000002   PAD
    0x080015c8   0x080015c8   0x000000a0   Code   RO         2405    i.HAL_RTC_Init      stm32f1xx_hal_rtc.o
    0x08001668   0x08001668   0x00000034   Code   RO          801    i.HAL_RTC_MspInit   rtc.o
    0x0800169c   0x0800169c   0x000000c4   Code   RO         2411    i.HAL_RTC_SetDate   stm32f1xx_hal_rtc.o
    0x08001760   0x08001760   0x000000ac   Code   RO         2412    i.HAL_RTC_SetTime   stm32f1xx_hal_rtc.o
    0x0800180c   0x0800180c   0x0000003a   Code   RO         2413    i.HAL_RTC_WaitForSynchro  stm32f1xx_hal_rtc.o
    0x08001846   0x08001846   0x00000028   Code   RO         1908    i.HAL_SYSTICK_Config  stm32f1xx_hal_cortex.o
    0x0800186e   0x0800186e   0x00000002   Code   RO          857    i.HardFault_Handler  stm32f1xx_it.o
    0x08001870   0x08001870   0x0000002e   Code   RO         1048    i.I2C_IsAcknowledgeFailed  stm32f1xx_hal_i2c.o
    0x0800189e   0x0800189e   0x00000002   PAD
    0x080018a0   0x080018a0   0x000000fc   Code   RO         1058    i.I2C_RequestMemoryRead  stm32f1xx_hal_i2c.o
    0x0800199c   0x0800199c   0x000000a8   Code   RO         1059    i.I2C_RequestMemoryWrite  stm32f1xx_hal_i2c.o
    0x08001a44   0x08001a44   0x0000004c   Code   RO         1062    i.I2C_WaitOnBTFFlagUntilTimeout  stm32f1xx_hal_i2c.o
    0x08001a90   0x08001a90   0x00000068   Code   RO         1063    i.I2C_WaitOnFlagUntilTimeout  stm32f1xx_hal_i2c.o
    0x08001af8   0x08001af8   0x00000096   Code   RO         1064    i.I2C_WaitOnMasterAddressFlagUntilTimeout  stm32f1xx_hal_i2c.o
    0x08001b8e   0x08001b8e   0x00000066   Code   RO         1065    i.I2C_WaitOnRXNEFlagUntilTimeout  stm32f1xx_hal_i2c.o
    0x08001bf4   0x08001bf4   0x0000004c   Code   RO         1066    i.I2C_WaitOnTXEFlagUntilTimeout  stm32f1xx_hal_i2c.o
    0x08001c40   0x08001c40   0x0000003e   Code   RO          206    i.Init_ADXL345      adxl.o
    0x08001c7e   0x08001c7e   0x00000002   PAD
    0x08001c80   0x08001c80   0x000000ec   Code   RO          734    i.MX_GPIO_Init      gpio.o
    0x08001d6c   0x08001d6c   0x00000040   Code   RO          760    i.MX_I2C1_Init      i2c.o
    0x08001dac   0x08001dac   0x00000130   Code   RO          802    i.MX_RTC_Init       rtc.o
    0x08001edc   0x08001edc   0x00000042   Code   RO          489    i.Max30102_FifoAlmostFullValue  max30102.o
    0x08001f1e   0x08001f1e   0x00000014   Code   RO          490    i.Max30102_FifoOverflowCounter  max30102.o
    0x08001f32   0x08001f32   0x00000014   Code   RO          491    i.Max30102_FifoReadPointer  max30102.o
    0x08001f46   0x08001f46   0x0000000c   Code   RO          492    i.Max30102_FifoRolloverEnable  max30102.o
    0x08001f52   0x08001f52   0x00000032   Code   RO          493    i.Max30102_FifoSampleAveraging  max30102.o
    0x08001f84   0x08001f84   0x00000014   Code   RO          494    i.Max30102_FifoWritePointer  max30102.o
    0x08001f98   0x08001f98   0x0000000c   Code   RO          495    i.Max30102_GetHeartRate  max30102.o
    0x08001fa4   0x08001fa4   0x000000ac   Code   RO          497    i.Max30102_Init     max30102.o
    0x08002050   0x08002050   0x000000e0   Code   RO          498    i.Max30102_InterruptCallback  max30102.o
    0x08002130   0x08002130   0x00000012   Code   RO          500    i.Max30102_Led1PulseAmplitude  max30102.o
    0x08002142   0x08002142   0x00000012   Code   RO          501    i.Max30102_Led2PulseAmplitude  max30102.o
    0x08002154   0x08002154   0x0000008c   Code   RO          502    i.Max30102_ReadFifo  max30102.o
    0x080021e0   0x080021e0   0x00000028   Code   RO          503    i.Max30102_ReadInterruptStatus  max30102.o
    0x08002208   0x08002208   0x00000028   Code   RO          504    i.Max30102_ReadReg  max30102.o
    0x08002230   0x08002230   0x00000030   Code   RO          505    i.Max30102_Reset    max30102.o
    0x08002260   0x08002260   0x0000000a   Code   RO          506    i.Max30102_SetIntAlmostFullEnabled  max30102.o
    0x0800226a   0x0800226a   0x0000000a   Code   RO          508    i.Max30102_SetIntFifoDataReadyEnabled  max30102.o
    0x08002274   0x08002274   0x00000030   Code   RO          509    i.Max30102_SetMode  max30102.o
    0x080022a4   0x080022a4   0x00000032   Code   RO          511    i.Max30102_SpO2AdcRange  max30102.o
    0x080022d6   0x080022d6   0x00000030   Code   RO          512    i.Max30102_SpO2LedPulseWidth  max30102.o
    0x08002306   0x08002306   0x00000032   Code   RO          513    i.Max30102_SpO2SampleRate  max30102.o
    0x08002338   0x08002338   0x000000ac   Code   RO          514    i.Max30102_Task     max30102.o
    0x080023e4   0x080023e4   0x0000002c   Code   RO          515    i.Max30102_WriteReg  max30102.o
    0x08002410   0x08002410   0x00000036   Code   RO          516    i.Max30102_WriteRegisterBit  max30102.o
    0x08002446   0x08002446   0x00000002   Code   RO          858    i.MemManage_Handler  stm32f1xx_it.o
    0x08002448   0x08002448   0x00000050   Code   RO          207    i.Multiple_read_ADXL345  adxl.o
    0x08002498   0x08002498   0x00000002   Code   RO          859    i.NMI_Handler       stm32f1xx_it.o
    0x0800249a   0x0800249a   0x00000002   PAD
    0x0800249c   0x0800249c   0x00000018   Code   RO           13    i.OLED_CS           oled.o
    0x080024b4   0x080024b4   0x0000002c   Code   RO           14    i.OLED_Clear        oled.o
    0x080024e0   0x080024e0   0x00000018   Code   RO           15    i.OLED_DC           oled.o
    0x080024f8   0x080024f8   0x0000003c   Code   RO           16    i.OLED_DrawPoint    oled.o
    0x08002534   0x08002534   0x000000c0   Code   RO           17    i.OLED_Init         oled.o
    0x080025f4   0x080025f4   0x00000018   Code   RO           18    i.OLED_RES          oled.o
    0x0800260c   0x0800260c   0x00000040   Code   RO           19    i.OLED_Refresh_GRAM  oled.o
    0x0800264c   0x0800264c   0x00000018   Code   RO           20    i.OLED_SCLK         oled.o
    0x08002664   0x08002664   0x00000018   Code   RO           21    i.OLED_SDIN         oled.o
    0x0800267c   0x0800267c   0x000000b0   Code   RO           22    i.OLED_Show_Char    oled.o
    0x0800272c   0x0800272c   0x00000056   Code   RO           23    i.OLED_Show_String  oled.o
    0x08002782   0x08002782   0x00000042   Code   RO           24    i.OLED_WR_Cmd       oled.o
    0x080027c4   0x080027c4   0x00000042   Code   RO           25    i.OLED_WR_Data      oled.o
    0x08002806   0x08002806   0x00000002   Code   RO          860    i.PendSV_Handler    stm32f1xx_it.o
    0x08002808   0x08002808   0x00000012   Code   RO         2414    i.RTC_Bcd2ToByte    stm32f1xx_hal_rtc.o
    0x0800281a   0x0800281a   0x00000016   Code   RO         2415    i.RTC_ByteToBcd2    stm32f1xx_hal_rtc.o
    0x08002830   0x08002830   0x000000ae   Code   RO         2416    i.RTC_DateUpdate    stm32f1xx_hal_rtc.o
    0x080028de   0x080028de   0x00000034   Code   RO         2417    i.RTC_EnterInitMode  stm32f1xx_hal_rtc.o
    0x08002912   0x08002912   0x00000002   PAD
    0x08002914   0x08002914   0x00000036   Code   RO         2418    i.RTC_ExitInitMode  stm32f1xx_hal_rtc.o
    0x0800294a   0x0800294a   0x0000000e   Code   RO         2419    i.RTC_ReadAlarmCounter  stm32f1xx_hal_rtc.o
    0x08002958   0x08002958   0x00000020   Code   RO         2420    i.RTC_ReadTimeCounter  stm32f1xx_hal_rtc.o
    0x08002978   0x08002978   0x00000056   Code   RO         2421    i.RTC_WeekDayNum    stm32f1xx_hal_rtc.o
    0x080029ce   0x080029ce   0x00000028   Code   RO         2422    i.RTC_WriteAlarmCounter  stm32f1xx_hal_rtc.o
    0x080029f6   0x080029f6   0x00000028   Code   RO         2423    i.RTC_WriteTimeCounter  stm32f1xx_hal_rtc.o
    0x08002a1e   0x08002a1e   0x00000082   Code   RO          803    i.RTC_fucking_change  rtc.o
    0x08002aa0   0x08002aa0   0x00000018   Code   RO          208    i.SCL               adxl.o
    0x08002ab8   0x08002ab8   0x00000018   Code   RO          209    i.SDA               adxl.o
    0x08002ad0   0x08002ad0   0x00000002   Code   RO          861    i.SVC_Handler       stm32f1xx_it.o
    0x08002ad2   0x08002ad2   0x00000024   Code   RO          211    i.Single_Write_ADXL345  adxl.o
    0x08002af6   0x08002af6   0x00000004   Code   RO          862    i.SysTick_Handler   stm32f1xx_it.o
    0x08002afa   0x08002afa   0x00000068   Code   RO          675    i.SystemClock_Config  main.o
    0x08002b62   0x08002b62   0x00000002   Code   RO         2706    i.SystemInit        system_stm32f1xx.o
    0x08002b64   0x08002b64   0x00000002   Code   RO          863    i.UsageFault_Handler  stm32f1xx_it.o
    0x08002b66   0x08002b66   0x00000002   PAD
    0x08002b68   0x08002b68   0x00000028   Code   RO         2794    i.__0sprintf$1      mc_w.l(printf1.o)
    0x08002b90   0x08002b90   0x00000020   Code   RO         1910    i.__NVIC_SetPriority  stm32f1xx_hal_cortex.o
    0x08002bb0   0x08002bb0   0x0000000e   Code   RO         3060    i.__scatterload_copy  mc_w.l(handlers.o)
    0x08002bbe   0x08002bbe   0x00000002   Code   RO         3061    i.__scatterload_null  mc_w.l(handlers.o)
    0x08002bc0   0x08002bc0   0x0000000e   Code   RO         3062    i.__scatterload_zeroinit  mc_w.l(handlers.o)
    0x08002bce   0x08002bce   0x00000002   PAD
    0x08002bd0   0x08002bd0   0x00000154   Code   RO         2799    i._printf_core      mc_w.l(printf1.o)
    0x08002d24   0x08002d24   0x0000000a   Code   RO         2801    i._sputc            mc_w.l(printf1.o)
    0x08002d2e   0x08002d2e   0x00000002   PAD
    0x08002d30   0x08002d30   0x0000009c   Code   RO          212    i.adxl_display      adxl.o
    0x08002dcc   0x08002dcc   0x0000001a   Code   RO          339    i.delay_ms          delay.o
    0x08002de6   0x08002de6   0x00000002   PAD
    0x08002de8   0x08002de8   0x00000034   Code   RO          340    i.delay_us          delay.o
    0x08002e1c   0x08002e1c   0x00000694   Code   RO          676    i.main              main.o
    0x080034b0   0x080034b0   0x00000032   Code   RO          425    i.maxim_find_peaks  algorithm.o
    0x080034e2   0x080034e2   0x00000002   PAD
    0x080034e4   0x080034e4   0x000003f8   Code   RO          426    i.maxim_heart_rate_and_oxygen_saturation  algorithm.o
    0x080038dc   0x080038dc   0x0000006a   Code   RO          427    i.maxim_peaks_above_min_height  algorithm.o
    0x08003946   0x08003946   0x00000002   PAD
    0x08003948   0x08003948   0x0000006c   Code   RO          428    i.maxim_remove_close_peaks  algorithm.o
    0x080039b4   0x080039b4   0x00000032   Code   RO          429    i.maxim_sort_ascend  algorithm.o
    0x080039e6   0x080039e6   0x00000002   PAD
    0x080039e8   0x080039e8   0x0000003a   Code   RO          430    i.maxim_sort_indices_descend  algorithm.o
    0x08003a22   0x08003a22   0x00000002   PAD
    0x08003a24   0x08003a24   0x00000028   Code   RO          214    i.process_x         adxl.o
    0x08003a4c   0x08003a4c   0x00000028   Code   RO          216    i.process_z         adxl.o
    0x08003a74   0x08003a74   0x0000012c   Code   RO          804    i.rtc_display       rtc.o
    0x08003ba0   0x08003ba0   0x000017c0   Data   RO           27    .constdata          oled.o
    0x08005360   0x08005360   0x000000f6   Data   RO          432    .constdata          algorithm.o
    0x08005456   0x08005456   0x00000010   Data   RO         2707    .constdata          system_stm32f1xx.o
    0x08005466   0x08005466   0x00000008   Data   RO         2708    .constdata          system_stm32f1xx.o
    0x0800546e   0x0800546e   0x00000002   PAD
    0x08005470   0x08005470   0x00000020   Data   RO         3058    Region$$Table       anon$$obj.o


    Execution Region RW_IRAM1 (Exec base: 0x20000000, Load base: 0x08005490, Size: 0x000032d8, Max: 0x00005000, ABSOLUTE)

    Exec Addr    Load Addr    Size         Type   Attr      Idx    E Section Name        Object

    0x20000000   0x08005490   0x00000020   Data   RW          217    .data               adxl.o
    0x20000020   0x080054b0   0x00000004   Data   RW          341    .data               delay.o
    0x20000024   0x080054b4   0x0000001c   Data   RW          518    .data               max30102.o
    0x20000040   0x080054d0   0x0000000c   Data   RW         1447    .data               stm32f1xx_hal.o
    0x2000004c   0x080054dc   0x00000004   Data   RW         2709    .data               system_stm32f1xx.o
    0x20000050        -       0x00000400   Zero   RW           26    .bss                oled.o
    0x20000450        -       0x00001760   Zero   RW          431    .bss                algorithm.o
    0x20001bb0        -       0x000012c0   Zero   RW          517    .bss                max30102.o
    0x20002e70        -       0x00000054   Zero   RW          761    .bss                i2c.o
    0x20002ec4        -       0x00000014   Zero   RW          805    .bss                rtc.o
    0x20002ed8        -       0x00000400   Zero   RW            1    STACK               startup_stm32f103xb.o


==============================================================================

Image component sizes


      Code (inc. data)   RO Data    RW Data    ZI Data      Debug   Object Name

       974         64          0         32          0      10379   adxl.o
      1388         26        246          0       5984       9689   algorithm.o
        78          4          0          4          0       1206   delay.o
       236         18          0          0          0        963   gpio.o
       176         30          0          0         84       1577   i2c.o
      1802         60          0          0          0       6129   main.o
      1386         46          0         28       4800      14106   max30102.o
       874         50       6080          0       1024     407206   oled.o
       786         48          0          0         20       2990   rtc.o
        36          8        236          0       1024        784   startup_stm32f103xb.o
       164         28          0         12          0       5741   stm32f1xx_hal.o
       198         14          0          0          0      28815   stm32f1xx_hal_cortex.o
       524         40          0          0          0       4014   stm32f1xx_hal_gpio.o
      2262         56          0          0          0      12506   stm32f1xx_hal_i2c.o
        60          8          0          0          0        830   stm32f1xx_hal_msp.o
        12          4          0          0          0        495   stm32f1xx_hal_pwr.o
      1272        100          0          0          0       5068   stm32f1xx_hal_rcc.o
       436         46          0          0          0       2469   stm32f1xx_hal_rcc_ex.o
      1412         14          0          0          0      12364   stm32f1xx_hal_rtc.o
        32         10          0          0          0       1575   stm32f1xx_hal_rtc_ex.o
        28          0          0          0          0       4103   stm32f1xx_it.o
         2          0         24          4          0       1059   system_stm32f1xx.o

    ----------------------------------------------------------------------
     14164        674       6620         80      12936     534068   Object Totals
         0          0         32          0          0          0   (incl. Generated)
        26          0          2          0          0          0   (incl. Padding)

    ----------------------------------------------------------------------

      Code (inc. data)   RO Data    RW Data    ZI Data      Debug   Library Member Name

         0          0          0          0          0          0   entry.o
         0          0          0          0          0          0   entry10a.o
         0          0          0          0          0          0   entry11a.o
         8          4          0          0          0          0   entry2.o
         4          0          0          0          0          0   entry5.o
         0          0          0          0          0          0   entry7b.o
         0          0          0          0          0          0   entry8b.o
         8          4          0          0          0          0   entry9a.o
        30          0          0          0          0          0   handlers.o
        36          8          0          0          0         68   init.o
         0          0          0          0          0          0   iusefp.o
        36          0          0          0          0        108   memseta.o
       390         10          0          0          0        252   printf1.o
        44          0          0          0          0         80   uidiv.o
       124          0          0          0          0         88   fdiv.o
       110          0          0          0          0        168   fepilogue.o
        50          0          0          0          0         68   ffixi.o
        18          0          0          0          0         68   fflti.o

    ----------------------------------------------------------------------
       864         26          0          0          0        900   Library Totals
         6          0          0          0          0          0   (incl. Padding)

    ----------------------------------------------------------------------

      Code (inc. data)   RO Data    RW Data    ZI Data      Debug   Library Name

       556         26          0          0          0        508   mc_w.l
       302          0          0          0          0        392   mf_w.l

    ----------------------------------------------------------------------
       864         26          0          0          0        900   Library Totals

    ----------------------------------------------------------------------

==============================================================================


      Code (inc. data)   RO Data    RW Data    ZI Data      Debug   

     15028        700       6620         80      12936     528048   Grand Totals
     15028        700       6620         80      12936     528048   ELF Image Totals
     15028        700       6620         80          0          0   ROM Totals

==============================================================================

    Total RO  Size (Code + RO Data)                21648 (  21.14kB)
    Total RW  Size (RW Data + ZI Data)             13016 (  12.71kB)
    Total ROM Size (Code + RO Data + RW Data)      21728 (  21.22kB)

==============================================================================

